Component: ARM Compiler 5.06 update 7 (build 960) Tool: armlink [4d3601]

==============================================================================

Section Cross References

    startup_stm32f103xb.o(RESET) refers to startup_stm32f103xb.o(STACK) for __initial_sp
    startup_stm32f103xb.o(RESET) refers to startup_stm32f103xb.o(.text) for Reset_Handler
    startup_stm32f103xb.o(RESET) refers to stm32f1xx_it.o(i.NMI_Handler) for NMI_Handler
    startup_stm32f103xb.o(RESET) refers to stm32f1xx_it.o(i.HardFault_Handler) for HardFault_Handler
    startup_stm32f103xb.o(RESET) refers to stm32f1xx_it.o(i.MemManage_Handler) for MemManage_Handler
    startup_stm32f103xb.o(RESET) refers to stm32f1xx_it.o(i.BusFault_Handler) for BusFault_Handler
    startup_stm32f103xb.o(RESET) refers to stm32f1xx_it.o(i.UsageFault_Handler) for UsageFault_Handler
    startup_stm32f103xb.o(RESET) refers to stm32f1xx_it.o(i.SVC_Handler) for SVC_Handler
    startup_stm32f103xb.o(RESET) refers to stm32f1xx_it.o(i.DebugMon_Handler) for DebugMon_Handler
    startup_stm32f103xb.o(RESET) refers to stm32f1xx_it.o(i.PendSV_Handler) for PendSV_Handler
    startup_stm32f103xb.o(RESET) refers to stm32f1xx_it.o(i.SysTick_Handler) for SysTick_Handler
    startup_stm32f103xb.o(RESET) refers to stm32f1xx_it.o(i.TIM1_CC_IRQHandler) for TIM1_CC_IRQHandler
    startup_stm32f103xb.o(RESET) refers to stm32f1xx_it.o(i.TIM4_IRQHandler) for TIM4_IRQHandler
    startup_stm32f103xb.o(RESET) refers to stm32f1xx_it.o(i.USART1_IRQHandler) for USART1_IRQHandler
    startup_stm32f103xb.o(RESET) refers to stm32f1xx_it.o(i.USART3_IRQHandler) for USART3_IRQHandler
    startup_stm32f103xb.o(.text) refers to system_stm32f1xx.o(i.SystemInit) for SystemInit
    startup_stm32f103xb.o(.text) refers to entry.o(.ARM.Collect$$$$00000000) for __main
    main.o(i.DataGet1) refers to main.o(.data) for mode
    main.o(i.HAL_TIM_IC_CaptureCallback) refers to stm32f1xx_hal_gpio.o(i.HAL_GPIO_ReadPin) for HAL_GPIO_ReadPin
    main.o(i.HAL_TIM_IC_CaptureCallback) refers to stm32f1xx_hal_tim.o(i.HAL_TIM_ReadCapturedValue) for HAL_TIM_ReadCapturedValue
    main.o(i.HAL_TIM_IC_CaptureCallback) refers to ffltui.o(.text) for __aeabi_ui2f
    main.o(i.HAL_TIM_IC_CaptureCallback) refers to fadd.o(.text) for __aeabi_fsub
    main.o(i.HAL_TIM_IC_CaptureCallback) refers to cfcmple.o(.text) for __aeabi_cfcmple
    main.o(i.HAL_TIM_IC_CaptureCallback) refers to f2d.o(.text) for __aeabi_f2d
    main.o(i.HAL_TIM_IC_CaptureCallback) refers to ddiv.o(.text) for __aeabi_ddiv
    main.o(i.HAL_TIM_IC_CaptureCallback) refers to d2f.o(.text) for __aeabi_d2f
    main.o(i.HAL_TIM_IC_CaptureCallback) refers to fdiv.o(.text) for __aeabi_fdiv
    main.o(i.HAL_TIM_IC_CaptureCallback) refers to tim.o(.bss) for htim1
    main.o(i.HAL_TIM_IC_CaptureCallback) refers to main.o(.bss) for catch3
    main.o(i.HAL_TIM_PeriodElapsedCallback) refers to main.o(i.Wait_Stop) for Wait_Stop
    main.o(i.HAL_TIM_PeriodElapsedCallback) refers to main.o(i.Move_v) for Move_v
    main.o(i.HAL_TIM_PeriodElapsedCallback) refers to cfrcmple.o(.text) for __aeabi_cfrcmple
    main.o(i.HAL_TIM_PeriodElapsedCallback) refers to stm32f1xx_hal_uart.o(i.HAL_UART_Transmit) for HAL_UART_Transmit
    main.o(i.HAL_TIM_PeriodElapsedCallback) refers to main.o(i.clear_x) for clear_x
    main.o(i.HAL_TIM_PeriodElapsedCallback) refers to main.o(i.Waiting) for Waiting
    main.o(i.HAL_TIM_PeriodElapsedCallback) refers to main.o(i.Move_stop) for Move_stop
    main.o(i.HAL_TIM_PeriodElapsedCallback) refers to main.o(.data) for mode
    main.o(i.HAL_TIM_PeriodElapsedCallback) refers to main.o(.bss) for gest
    main.o(i.HAL_TIM_PeriodElapsedCallback) refers to usart.o(.bss) for huart3
    main.o(i.HAL_UART_RxCpltCallback) refers to main.o(i.DataGet1) for DataGet1
    main.o(i.HAL_UART_RxCpltCallback) refers to stm32f1xx_hal_uart.o(i.HAL_UART_AbortReceive_IT) for HAL_UART_AbortReceive_IT
    main.o(i.HAL_UART_RxCpltCallback) refers to stm32f1xx_hal_uart.o(i.HAL_UART_Receive_IT) for HAL_UART_Receive_IT
    main.o(i.HAL_UART_RxCpltCallback) refers to atof.o(i.atof) for atof
    main.o(i.HAL_UART_RxCpltCallback) refers to d2f.o(.text) for __aeabi_d2f
    main.o(i.HAL_UART_RxCpltCallback) refers to main.o(i.clear_x) for clear_x
    main.o(i.HAL_UART_RxCpltCallback) refers to stm32f1xx_hal_uart.o(i.HAL_UART_Transmit) for HAL_UART_Transmit
    main.o(i.HAL_UART_RxCpltCallback) refers to main.o(i.DataGet3) for DataGet3
    main.o(i.HAL_UART_RxCpltCallback) refers to usart.o(.bss) for huart1
    main.o(i.HAL_UART_RxCpltCallback) refers to main.o(.data) for rx_buf1
    main.o(i.HAL_UART_RxCpltCallback) refers to main.o(.bss) for a
    main.o(i.Move_stop) refers to stm32f1xx_hal_gpio.o(i.HAL_GPIO_WritePin) for HAL_GPIO_WritePin
    main.o(i.Move_stop) refers to ffixi.o(.text) for __aeabi_f2iz
    main.o(i.Move_stop) refers to main.o(i.Wheel) for Wheel
    main.o(i.Move_stop) refers to tim.o(.bss) for htim4
    main.o(i.Move_stop) refers to main.o(.data) for flag
[...]
    Removing stm32f1xx_hal.o(i.HAL_DeInit), (36 bytes).
    Removing stm32f1xx_hal.o(i.HAL_Delay), (40 bytes).
    Removing stm32f1xx_hal.o(i.HAL_GetDEVID), (16 bytes).
    Removing stm32f1xx_hal.o(i.HAL_GetHalVersion), (8 bytes).
    Removing stm32f1xx_hal.o(i.HAL_GetREVID), (12 bytes).
    Removing stm32f1xx_hal.o(i.HAL_GetTickFreq), (12 bytes).
    Removing stm32f1xx_hal.o(i.HAL_GetTickPrio), (12 bytes).
    Removing stm32f1xx_hal.o(i.HAL_GetUIDw0), (12 bytes).
    Removing stm32f1xx_hal.o(i.HAL_GetUIDw1), (12 bytes).
    Removing stm32f1xx_hal.o(i.HAL_GetUIDw2), (12 bytes).
    Removing stm32f1xx_hal.o(i.HAL_MspDeInit), (2 bytes).
    Removing stm32f1xx_hal.o(i.HAL_MspInit), (2 bytes).
    Removing stm32f1xx_hal.o(i.HAL_ResumeTick), (18 bytes).
    Removing stm32f1xx_hal.o(i.HAL_SetTickFreq), (48 bytes).
    Removing stm32f1xx_hal.o(i.HAL_SuspendTick), (18 bytes).
    Removing stm32f1xx_hal_rcc.o(.rev16_text), (4 bytes).
    Removing stm32f1xx_hal_rcc.o(.revsh_text), (4 bytes).
    Removing stm32f1xx_hal_rcc.o(.rrx_text), (6 bytes).
    Removing stm32f1xx_hal_rcc.o(i.HAL_RCC_CSSCallback), (2 bytes).
    Removing stm32f1xx_hal_rcc.o(i.HAL_RCC_DeInit), (272 bytes).
    Removing stm32f1xx_hal_rcc.o(i.HAL_RCC_DisableCSS), (12 bytes).
    Removing stm32f1xx_hal_rcc.o(i.HAL_RCC_EnableCSS), (12 bytes).
    Removing stm32f1xx_hal_rcc.o(i.HAL_RCC_GetClockConfig), (68 bytes).
    Removing stm32f1xx_hal_rcc.o(i.HAL_RCC_GetOscConfig), (200 bytes).
    Removing stm32f1xx_hal_rcc.o(i.HAL_RCC_MCOConfig), (100 bytes).
    Removing stm32f1xx_hal_rcc.o(i.HAL_RCC_NMI_IRQHandler), (32 bytes).
    Removing stm32f1xx_hal_rcc_ex.o(.rev16_text), (4 bytes).
    Removing stm32f1xx_hal_rcc_ex.o(.revsh_text), (4 bytes).
    Removing stm32f1xx_hal_rcc_ex.o(.rrx_text), (6 bytes).
    Removing stm32f1xx_hal_rcc_ex.o(i.HAL_RCCEx_GetPeriphCLKConfig), (60 bytes).
    Removing stm32f1xx_hal_rcc_ex.o(i.HAL_RCCEx_GetPeriphCLKFreq), (280 bytes).
    Removing stm32f1xx_hal_rcc_ex.o(i.HAL_RCCEx_PeriphCLKConfig), (304 bytes).
    Removing stm32f1xx_hal_gpio.o(.rev16_text), (4 bytes).
    Removing stm32f1xx_hal_gpio.o(.revsh_text), (4 bytes).
    Removing stm32f1xx_hal_gpio.o(.rrx_text), (6 bytes).
    Removing stm32f1xx_hal_gpio.o(i.HAL_GPIO_DeInit), (308 bytes).
    Removing stm32f1xx_hal_gpio.o(i.HAL_GPIO_EXTI_Callback), (2 bytes).
    Removing stm32f1xx_hal_gpio.o(i.HAL_GPIO_EXTI_IRQHandler), (28 bytes).
    Removing stm32f1xx_hal_gpio.o(i.HAL_GPIO_LockPin), (46 bytes).
    Removing stm32f1xx_hal_gpio.o(i.HAL_GPIO_TogglePin), (20 bytes).
    Removing stm32f1xx_hal_dma.o(.rev16_text), (4 bytes).
    Removing stm32f1xx_hal_dma.o(.revsh_text), (4 bytes).
    Removing stm32f1xx_hal_dma.o(.rrx_text), (6 bytes).
    Removing stm32f1xx_hal_dma.o(i.DMA_SetConfig), (44 bytes).
    Removing stm32f1xx_hal_dma.o(i.HAL_DMA_DeInit), (104 bytes).
    Removing stm32f1xx_hal_dma.o(i.HAL_DMA_GetError), (6 bytes).
    Removing stm32f1xx_hal_dma.o(i.HAL_DMA_GetState), (8 bytes).
    Removing stm32f1xx_hal_dma.o(i.HAL_DMA_IRQHandler), (412 bytes).
    Removing stm32f1xx_hal_dma.o(i.HAL_DMA_Init), (104 bytes).
    Removing stm32f1xx_hal_dma.o(i.HAL_DMA_PollForTransfer), (692 bytes).
    Removing stm32f1xx_hal_dma.o(i.HAL_DMA_RegisterCallback), (90 bytes).
    Removing stm32f1xx_hal_dma.o(i.HAL_DMA_Start), (114 bytes).
    Removing stm32f1xx_hal_dma.o(i.HAL_DMA_Start_IT), (156 bytes).
    Removing stm32f1xx_hal_dma.o(i.HAL_DMA_UnRegisterCallback), (106 bytes).
    Removing stm32f1xx_hal_cortex.o(.rev16_text), (4 bytes).
    Removing stm32f1xx_hal_cortex.o(.revsh_text), (4 bytes).
    Removing stm32f1xx_hal_cortex.o(.rrx_text), (6 bytes).
    Removing stm32f1xx_hal_cortex.o(i.HAL_NVIC_ClearPendingIRQ), (36 bytes).
    Removing stm32f1xx_hal_cortex.o(i.HAL_NVIC_DisableIRQ), (68 bytes).
    Removing stm32f1xx_hal_cortex.o(i.HAL_NVIC_GetActive), (48 bytes).
    Removing stm32f1xx_hal_cortex.o(i.HAL_NVIC_GetPendingIRQ), (48 bytes).
    Removing stm32f1xx_hal_cortex.o(i.HAL_NVIC_GetPriority), (148 bytes).
    Removing stm32f1xx_hal_cortex.o(i.HAL_NVIC_GetPriorityGrouping), (8 bytes).
    Removing stm32f1xx_hal_cortex.o(i.HAL_NVIC_SetPendingIRQ), (36 bytes).
    Removing stm32f1xx_hal_cortex.o(i.HAL_NVIC_SystemReset), (68 bytes).
    Removing stm32f1xx_hal_cortex.o(i.HAL_SYSTICK_CLKSourceConfig), (40 bytes).
    Removing stm32f1xx_hal_cortex.o(i.HAL_SYSTICK_Callback), (2 bytes).
    Removing stm32f1xx_hal_cortex.o(i.HAL_SYSTICK_IRQHandler), (8 bytes).
    Removing stm32f1xx_hal_pwr.o(.rev16_text), (4 bytes).
    Removing stm32f1xx_hal_pwr.o(.revsh_text), (4 bytes).
    Removing stm32f1xx_hal_pwr.o(.rrx_text), (6 bytes).
    Removing stm32f1xx_hal_pwr.o(i.HAL_PWR_ConfigPVD), (180 bytes).
    Removing stm32f1xx_hal_pwr.o(i.HAL_PWR_DeInit), (28 bytes).
    Removing stm32f1xx_hal_pwr.o(i.HAL_PWR_DisableBkUpAccess), (12 bytes).
    Removing stm32f1xx_hal_pwr.o(i.HAL_PWR_DisablePVD), (12 bytes).
    Removing stm32f1xx_hal_pwr.o(i.HAL_PWR_DisableSEVOnPend), (20 bytes).
    Removing stm32f1xx_hal_pwr.o(i.HAL_PWR_DisableSleepOnExit), (20 bytes).
    Removing stm32f1xx_hal_pwr.o(i.HAL_PWR_DisableWakeUpPin), (28 bytes).
    Removing stm32f1xx_hal_pwr.o(i.HAL_PWR_EnableBkUpAccess), (12 bytes).
    Removing stm32f1xx_hal_pwr.o(i.HAL_PWR_EnablePVD), (12 bytes).
    Removing stm32f1xx_hal_pwr.o(i.HAL_PWR_EnableSEVOnPend), (20 bytes).
    Removing stm32f1xx_hal_pwr.o(i.HAL_PWR_EnableSleepOnExit), (20 bytes).
    Removing stm32f1xx_hal_pwr.o(i.HAL_PWR_EnableWakeUpPin), (28 bytes).
    Removing stm32f1xx_hal_pwr.o(i.HAL_PWR_EnterSLEEPMode), (32 bytes).
    Removing stm32f1xx_hal_pwr.o(i.HAL_PWR_EnterSTANDBYMode), (40 bytes).
    Removing stm32f1xx_hal_pwr.o(i.HAL_PWR_EnterSTOPMode), (84 bytes).
    Removing stm32f1xx_hal_pwr.o(i.HAL_PWR_PVDCallback), (2 bytes).
    Removing stm32f1xx_hal_pwr.o(i.HAL_PWR_PVD_IRQHandler), (32 bytes).
    Removing stm32f1xx_hal_pwr.o(i.PWR_OverloadWfe), (6 bytes).
    Removing stm32f1xx_hal_flash.o(.rev16_text), (4 bytes).
    Removing stm32f1xx_hal_flash.o(.revsh_text), (4 bytes).
    Removing stm32f1xx_hal_flash.o(.rrx_text), (6 bytes).
    Removing stm32f1xx_hal_flash.o(i.FLASH_Program_HalfWord), (32 bytes).
    Removing stm32f1xx_hal_flash.o(i.FLASH_SetErrorCode), (132 bytes).
    Removing stm32f1xx_hal_flash.o(i.FLASH_WaitForLastOperation), (112 bytes).
    Removing stm32f1xx_hal_flash.o(i.HAL_FLASH_EndOfOperationCallback), (2 bytes).
    Removing stm32f1xx_hal_flash.o(i.HAL_FLASH_GetError), (12 bytes).
    Removing stm32f1xx_hal_flash.o(i.HAL_FLASH_IRQHandler), (384 bytes).
    Removing stm32f1xx_hal_flash.o(i.HAL_FLASH_Lock), (20 bytes).
    Removing stm32f1xx_hal_flash.o(i.HAL_FLASH_OB_Launch), (8 bytes).
    Removing stm32f1xx_hal_flash.o(i.HAL_FLASH_OB_Lock), (20 bytes).
    Removing stm32f1xx_hal_flash.o(i.HAL_FLASH_OB_Unlock), (44 bytes).
    Removing stm32f1xx_hal_flash.o(i.HAL_FLASH_OperationErrorCallback), (2 bytes).
    Removing stm32f1xx_hal_flash.o(i.HAL_FLASH_Program), (176 bytes).
    Removing stm32f1xx_hal_flash.o(i.HAL_FLASH_Program_IT), (124 bytes).
    Removing stm32f1xx_hal_flash.o(i.HAL_FLASH_Unlock), (48 bytes).
    Removing stm32f1xx_hal_flash.o(.bss), (32 bytes).
    Removing stm32f1xx_hal_flash_ex.o(.rev16_text), (4 bytes).
    Removing stm32f1xx_hal_flash_ex.o(.revsh_text), (4 bytes).
    Removing stm32f1xx_hal_flash_ex.o(.rrx_text), (6 bytes).
    Removing stm32f1xx_hal_flash_ex.o(i.FLASH_MassErase), (40 bytes).
    Removing stm32f1xx_hal_flash_ex.o(i.FLASH_OB_DisableWRP), (232 bytes).
    Removing stm32f1xx_hal_flash_ex.o(i.FLASH_OB_EnableWRP), (236 bytes).
    Removing stm32f1xx_hal_flash_ex.o(i.FLASH_OB_GetRDP), (28 bytes).
    Removing stm32f1xx_hal_flash_ex.o(i.FLASH_OB_GetUser), (16 bytes).
    Removing stm32f1xx_hal_flash_ex.o(i.FLASH_OB_GetWRP), (12 bytes).
    Removing stm32f1xx_hal_flash_ex.o(i.FLASH_OB_ProgramData), (76 bytes).
    Removing stm32f1xx_hal_flash_ex.o(i.FLASH_OB_RDP_LevelConfig), (124 bytes).
    Removing stm32f1xx_hal_flash_ex.o(i.FLASH_OB_UserConfig), (84 bytes).
    Removing stm32f1xx_hal_flash_ex.o(i.FLASH_PageErase), (40 bytes).
    Removing stm32f1xx_hal_flash_ex.o(i.HAL_FLASHEx_Erase), (176 bytes).
    Removing stm32f1xx_hal_flash_ex.o(i.HAL_FLASHEx_Erase_IT), (100 bytes).
    Removing stm32f1xx_hal_flash_ex.o(i.HAL_FLASHEx_OBErase), (96 bytes).
    Removing stm32f1xx_hal_flash_ex.o(i.HAL_FLASHEx_OBGetConfig), (28 bytes).
    Removing stm32f1xx_hal_flash_ex.o(i.HAL_FLASHEx_OBGetUserData), (40 bytes).
    Removing stm32f1xx_hal_flash_ex.o(i.HAL_FLASHEx_OBProgram), (200 bytes).
    Removing stm32f1xx_hal_exti.o(.rev16_text), (4 bytes).
    Removing stm32f1xx_hal_exti.o(.revsh_text), (4 bytes).
    Removing stm32f1xx_hal_exti.o(.rrx_text), (6 bytes).
    Removing stm32f1xx_hal_exti.o(i.HAL_EXTI_ClearConfigLine), (120 bytes).
    Removing stm32f1xx_hal_exti.o(i.HAL_EXTI_ClearPending), (28 bytes).
    Removing stm32f1xx_hal_exti.o(i.HAL_EXTI_GenerateSWI), (24 bytes).
    Removing stm32f1xx_hal_exti.o(i.HAL_EXTI_GetConfigLine), (160 bytes).
    Removing stm32f1xx_hal_exti.o(i.HAL_EXTI_GetHandle), (14 bytes).
    Removing stm32f1xx_hal_exti.o(i.HAL_EXTI_GetPending), (36 bytes).
    Removing stm32f1xx_hal_exti.o(i.HAL_EXTI_IRQHandler), (44 bytes).
    Removing stm32f1xx_hal_exti.o(i.HAL_EXTI_RegisterCallback), (20 bytes).
    Removing stm32f1xx_hal_exti.o(i.HAL_EXTI_SetConfigLine), (240 bytes).
    Removing stm32f1xx_hal_uart.o(.rev16_text), (4 bytes).
    Removing stm32f1xx_hal_uart.o(.revsh_text), (4 bytes).
    Removing stm32f1xx_hal_uart.o(.rrx_text), (6 bytes).
    Removing stm32f1xx_hal_uart.o(i.HAL_HalfDuplex_EnableReceiver), (68 bytes).
    Removing stm32f1xx_hal_uart.o(i.HAL_HalfDuplex_EnableTransmitter), (68 bytes).
    Removing stm32f1xx_hal_uart.o(i.HAL_HalfDuplex_Init), (118 bytes).
    Removing stm32f1xx_hal_uart.o(i.HAL_LIN_Init), (142 bytes).
    Removing stm32f1xx_hal_uart.o(i.HAL_LIN_SendBreak), (62 bytes).
    Removing stm32f1xx_hal_uart.o(i.HAL_MultiProcessor_EnterMuteMode), (62 bytes).
    Removing stm32f1xx_hal_uart.o(i.HAL_MultiProcessor_ExitMuteMode), (62 bytes).
    Removing stm32f1xx_hal_uart.o(i.HAL_MultiProcessor_Init), (154 bytes).
    Removing stm32f1xx_hal_uart.o(i.HAL_UARTEx_ReceiveToIdle), (320 bytes).
    Removing stm32f1xx_hal_uart.o(i.HAL_UARTEx_ReceiveToIdle_DMA), (114 bytes).
    Removing stm32f1xx_hal_uart.o(i.HAL_UARTEx_ReceiveToIdle_IT), (114 bytes).
    Removing stm32f1xx_hal_uart.o(i.HAL_UART_Abort), (188 bytes).
    Removing stm32f1xx_hal_uart.o(i.HAL_UART_AbortCpltCallback), (2 bytes).
    Removing stm32f1xx_hal_uart.o(i.HAL_UART_AbortReceive), (122 bytes).
    Removing stm32f1xx_hal_uart.o(i.HAL_UART_AbortTransmit), (88 bytes).
    Removing stm32f1xx_hal_uart.o(i.HAL_UART_AbortTransmitCpltCallback), (2 bytes).
    Removing stm32f1xx_hal_uart.o(i.HAL_UART_AbortTransmit_IT), (108 bytes).
    Removing stm32f1xx_hal_uart.o(i.HAL_UART_Abort_IT), (240 bytes).
    Removing stm32f1xx_hal_uart.o(i.HAL_UART_DMAPause), (124 bytes).
    Removing stm32f1xx_hal_uart.o(i.HAL_UART_DMAResume), (126 bytes).
    Removing stm32f1xx_hal_uart.o(i.HAL_UART_DMAStop), (102 bytes).
    Removing stm32f1xx_hal_uart.o(i.HAL_UART_DeInit), (60 bytes).
    Removing stm32f1xx_hal_uart.o(i.HAL_UART_GetError), (6 bytes).
    Removing stm32f1xx_hal_uart.o(i.HAL_UART_GetState), (20 bytes).
    Removing stm32f1xx_hal_uart.o(i.HAL_UART_MspDeInit), (2 bytes).
    Removing stm32f1xx_hal_uart.o(i.HAL_UART_MspInit), (2 bytes).
    Removing stm32f1xx_hal_uart.o(i.HAL_UART_Receive), (220 bytes).
    Removing stm32f1xx_hal_uart.o(i.HAL_UART_Receive_DMA), (66 bytes).
    Removing stm32f1xx_hal_uart.o(i.HAL_UART_RxCpltCallback), (2 bytes).
    Removing stm32f1xx_hal_uart.o(i.HAL_UART_RxHalfCpltCallback), (2 bytes).
    Removing stm32f1xx_hal_uart.o(i.HAL_UART_Transmit_DMA), (156 bytes).
    Removing stm32f1xx_hal_uart.o(i.HAL_UART_Transmit_IT), (88 bytes).
    Removing stm32f1xx_hal_uart.o(i.HAL_UART_TxHalfCpltCallback), (2 bytes).
    Removing stm32f1xx_hal_uart.o(i.UART_DMAError), (80 bytes).
    Removing stm32f1xx_hal_uart.o(i.UART_DMAReceiveCplt), (104 bytes).
    Removing stm32f1xx_hal_uart.o(i.UART_DMARxAbortCallback), (56 bytes).
    Removing stm32f1xx_hal_uart.o(i.UART_DMARxHalfCplt), (32 bytes).
    Removing stm32f1xx_hal_uart.o(i.UART_DMATransmitCplt), (54 bytes).
    Removing stm32f1xx_hal_uart.o(i.UART_DMATxAbortCallback), (56 bytes).
    Removing stm32f1xx_hal_uart.o(i.UART_DMATxHalfCplt), (14 bytes).
    Removing stm32f1xx_hal_uart.o(i.UART_DMATxOnlyAbortCallback), (24 bytes).
    Removing stm32f1xx_hal_uart.o(i.UART_EndTxTransfer), (20 bytes).
    Removing stm32f1xx_hal_uart.o(i.UART_Start_Receive_DMA), (152 bytes).
    Removing system_stm32f1xx.o(.rev16_text), (4 bytes).
    Removing system_stm32f1xx.o(.revsh_text), (4 bytes).
    Removing system_stm32f1xx.o(.rrx_text), (6 bytes).
    Removing system_stm32f1xx.o(i.SystemCoreClockUpdate), (164 bytes).

394 unused section(s) (total 45096 bytes) removed from the image.

==============================================================================

Image Symbol Table

    Local Symbols

    Symbol Name                              Value     Ov Type        Size  Object(Section)

    ../Core/Src/gpio.c                       0x00000000   Number         0  gpio.o ABSOLUTE
    ../Core/Src/main.c                       0x00000000   Number         0  main.o ABSOLUTE
    ../Core/Src/stm32f1xx_hal_msp.c          0x00000000   Number         0  stm32f1xx_hal_msp.o ABSOLUTE
    ../Core/Src/stm32f1xx_it.c               0x00000000   Number         0  stm32f1xx_it.o ABSOLUTE
    ../Core/Src/system_stm32f1xx.c           0x00000000   Number         0  system_stm32f1xx.o ABSOLUTE
    ../Core/Src/tim.c                        0x00000000   Number         0  tim.o ABSOLUTE
    ../Core/Src/usart.c                      0x00000000   Number         0  usart.o ABSOLUTE
    ../Drivers/STM32F1xx_HAL_Driver/Src/stm32f1xx_hal.c 0x00000000   Number         0  stm32f1xx_hal.o ABSOLUTE
    ../Drivers/STM32F1xx_HAL_Driver/Src/stm32f1xx_hal_cortex.c 0x00000000   Number         0  stm32f1xx_hal_cortex.o ABSOLUTE
    ../Drivers/STM32F1xx_HAL_Driver/Src/stm32f1xx_hal_dma.c 0x00000000   Number         0  stm32f1xx_hal_dma.o ABSOLUTE
    ../Drivers/STM32F1xx_HAL_Driver/Src/stm32f1xx_hal_exti.c 0x00000000   Number         0  stm32f1xx_hal_exti.o ABSOLUTE
    ../Drivers/STM32F1xx_HAL_Driver/Src/stm32f1xx_hal_flash.c 0x00000000   Number         0  stm32f1xx_hal_flash.o ABSOLUTE
    ../Drivers/STM32F1xx_HAL_Driver/Src/stm32f1xx_hal_flash_ex.c 0x00000000   Number         0  stm32f1xx_hal_flash_ex.o ABSOLUTE
    ../Drivers/STM32F1xx_HAL_Driver/Src/stm32f1xx_hal_gpio.c 0x00000000   Number         0  stm32f1xx_hal_gpio.o ABSOLUTE
    ../Drivers/STM32F1xx_HAL_Driver/Src/stm32f1xx_hal_gpio_ex.c 0x00000000   Number         0  stm32f1xx_hal_gpio_ex.o ABSOLUTE
    ../Drivers/STM32F1xx_HAL_Driver/Src/stm32f1xx_hal_pwr.c 0x00000000   Number         0  stm32f1xx_hal_pwr.o ABSOLUTE
    ../Drivers/STM32F1xx_HAL_Driver/Src/stm32f1xx_hal_rcc.c 0x00000000   Number         0  stm32f1xx_hal_rcc.o ABSOLUTE
    ../Drivers/STM32F1xx_HAL_Driver/Src/stm32f1xx_hal_rcc_ex.c 0x00000000   Number         0  stm32f1xx_hal_rcc_ex.o ABSOLUTE
    ../Drivers/STM32F1xx_HAL_Driver/Src/stm32f1xx_hal_tim.c 0x00000000   Number         0  stm32f1xx_hal_tim.o ABSOLUTE
    ../Drivers/STM32F1xx_HAL_Driver/Src/stm32f1xx_hal_tim_ex.c 0x00000000   Number         0  stm32f1xx_hal_tim_ex.o ABSOLUTE
    ../Drivers/STM32F1xx_HAL_Driver/Src/stm32f1xx_hal_uart.c 0x00000000   Number         0  stm32f1xx_hal_uart.o ABSOLUTE
    ../clib/microlib/ctype/ctype.c           0x00000000   Number         0  isspace_c.o ABSOLUTE
    ../clib/microlib/ctype/ctype.c           0x00000000   Number         0  ctype_c.o ABSOLUTE
    ../clib/microlib/errno.c                 0x00000000   Number         0  errno.o ABSOLUTE
    ../clib/microlib/init/entry.s            0x00000000   Number         0  entry7a.o ABSOLUTE
    ../clib/microlib/init/entry.s            0x00000000   Number         0  entry5.o ABSOLUTE
    ../clib/microlib/init/entry.s            0x00000000   Number         0  entry2.o ABSOLUTE
    ../clib/microlib/init/entry.s            0x00000000   Number         0  entry.o ABSOLUTE
    ../clib/microlib/init/entry.s            0x00000000   Number         0  entry12b.o ABSOLUTE
    ../clib/microlib/init/entry.s            0x00000000   Number         0  entry12a.o ABSOLUTE
    ../clib/microlib/init/entry.s            0x00000000   Number         0  entry11b.o ABSOLUTE
    ../clib/microlib/init/entry.s            0x00000000   Number         0  entry11a.o ABSOLUTE
    ../clib/microlib/init/entry.s            0x00000000   Number         0  entry10a.o ABSOLUTE
    ../clib/microlib/init/entry.s            0x00000000   Number         0  entry9b.o ABSOLUTE
    ../clib/microlib/init/entry.s            0x00000000   Number         0  entry9a.o ABSOLUTE
    ../clib/microlib/init/entry.s            0x00000000   Number         0  entry8b.o ABSOLUTE
    ../clib/microlib/init/entry.s            0x00000000   Number         0  entry8a.o ABSOLUTE
    ../clib/microlib/init/entry.s            0x00000000   Number         0  entry10b.o ABSOLUTE
    ../clib/microlib/init/entry.s            0x00000000   Number         0  entry7b.o ABSOLUTE
    ../clib/microlib/longlong.c              0x00000000   Number         0  llushr.o ABSOLUTE
    ../clib/microlib/longlong.c              0x00000000   Number         0  llshl.o ABSOLUTE
    ../clib/microlib/string/memcpy.c         0x00000000   Number         0  memcpyb.o ABSOLUTE
    ../clib/microlib/string/memcpy.c         0x00000000   Number         0  memcpya.o ABSOLUTE
    ../clib/microlib/string/memset.c         0x00000000   Number         0  memseta.o ABSOLUTE
    ../clib/microlib/stubs.s                 0x00000000   Number         0  iusefp.o ABSOLUTE
    ../clib/scanf.c                          0x00000000   Number         0  strtod.o ABSOLUTE
    ../clib/scanf.c                          0x00000000   Number         0  scanf_fp.o ABSOLUTE
    ../clib/scanf.c                          0x00000000   Number         0  _sgetc.o ABSOLUTE
    ../fplib/microlib/d2f.c                  0x00000000   Number         0  d2f.o ABSOLUTE
    ../fplib/microlib/f2d.c                  0x00000000   Number         0  f2d.o ABSOLUTE
    ../fplib/microlib/fpadd.c                0x00000000   Number         0  fadd.o ABSOLUTE
    ../fplib/microlib/fpdiv.c                0x00000000   Number         0  ddiv.o ABSOLUTE
    ../fplib/microlib/fpdiv.c                0x00000000   Number         0  fdiv.o ABSOLUTE
    ../fplib/microlib/fpepilogue.c           0x00000000   Number         0  fepilogue.o ABSOLUTE
    ../fplib/microlib/fpepilogue.c           0x00000000   Number         0  depilogue.o ABSOLUTE
    ../fplib/microlib/fpfix.c                0x00000000   Number         0  ffixi.o ABSOLUTE
    ../fplib/microlib/fpflt.c                0x00000000   Number         0  ffltui.o ABSOLUTE
    ../fplib/microlib/fpflt.c                0x00000000   Number         0  dfltul.o ABSOLUTE
    ../fplib/microlib/fpmul.c                0x00000000   Number         0  fmul.o ABSOLUTE
    ../fplib/microlib/fpmul.c                0x00000000   Number         0  dmul.o ABSOLUTE
    ../mathlib/atof.c                        0x00000000   Number         0  atof.o ABSOLUTE
    ..\Core\Src\gpio.c                       0x00000000   Number         0  gpio.o ABSOLUTE
    ..\Core\Src\main.c                       0x00000000   Number         0  main.o ABSOLUTE
    ..\Core\Src\stm32f1xx_hal_msp.c          0x00000000   Number         0  stm32f1xx_hal_msp.o ABSOLUTE
    ..\Core\Src\stm32f1xx_it.c               0x00000000   Number         0  stm32f1xx_it.o ABSOLUTE
    ..\Core\Src\system_stm32f1xx.c           0x00000000   Number         0  system_stm32f1xx.o ABSOLUTE
    ..\Core\Src\tim.c                        0x00000000   Number         0  tim.o ABSOLUTE
    ..\Core\Src\usart.c                      0x00000000   Number         0  usart.o ABSOLUTE
    ..\Drivers\STM32F1xx_HAL_Driver\Src\stm32f1xx_hal.c 0x00000000   Number         0  stm32f1xx_hal.o ABSOLUTE
    ..\Drivers\STM32F1xx_HAL_Driver\Src\stm32f1xx_hal_cortex.c 0x00000000   Number         0  stm32f1xx_hal_cortex.o ABSOLUTE
    ..\Drivers\STM32F1xx_HAL_Driver\Src\stm32f1xx_hal_dma.c 0x00000000   Number         0  stm32f1xx_hal_dma.o ABSOLUTE
    ..\Drivers\STM32F1xx_HAL_Driver\Src\stm32f1xx_hal_exti.c 0x00000000   Number         0  stm32f1xx_hal_exti.o ABSOLUTE
    ..\Drivers\STM32F1xx_HAL_Driver\Src\stm32f1xx_hal_flash.c 0x00000000   Number         0  stm32f1xx_hal_flash.o ABSOLUTE
    ..\Drivers\STM32F1xx_HAL_Driver\Src\stm32f1xx_hal_flash_ex.c 0x00000000   Number         0  stm32f1xx_hal_flash_ex.o ABSOLUTE
    ..\Drivers\STM32F1xx_HAL_Driver\Src\stm32f1xx_hal_gpio.c 0x00000000   Number         0  stm32f1xx_hal_gpio.o ABSOLUTE
    ..\Drivers\STM32F1xx_HAL_Driver\Src\stm32f1xx_hal_gpio_ex.c 0x00000000   Number         0  stm32f1xx_hal_gpio_ex.o ABSOLUTE
    ..\Drivers\STM32F1xx_HAL_Driver\Src\stm32f1xx_hal_pwr.c 0x00000000   Number         0  stm32f1xx_hal_pwr.o ABSOLUTE
    ..\Drivers\STM32F1xx_HAL_Driver\Src\stm32f1xx_hal_rcc.c 0x00000000   Number         0  stm32f1xx_hal_rcc.o ABSOLUTE
    ..\Drivers\STM32F1xx_HAL_Driver\Src\stm32f1xx_hal_rcc_ex.c 0x00000000   Number         0  stm32f1xx_hal_rcc_ex.o ABSOLUTE
    ..\Drivers\STM32F1xx_HAL_Driver\Src\stm32f1xx_hal_tim.c 0x00000000   Number         0  stm32f1xx_hal_tim.o ABSOLUTE
    ..\Drivers\STM32F1xx_HAL_Driver\Src\stm32f1xx_hal_tim_ex.c 0x00000000   Number         0  stm32f1xx_hal_tim_ex.o ABSOLUTE
    ..\Drivers\STM32F1xx_HAL_Driver\Src\stm32f1xx_hal_uart.c 0x00000000   Number         0  stm32f1xx_hal_uart.o ABSOLUTE
    ..\HARDWARE\OLED\oled.c                  0x00000000   Number         0  oled.o ABSOLUTE
    ..\\HARDWARE\\OLED\\oled.c               0x00000000   Number         0  oled.o ABSOLUTE
    cfcmple.s                                0x00000000   Number         0  cfcmple.o ABSOLUTE
    cfrcmple.s                               0x00000000   Number         0  cfrcmple.o ABSOLUTE
    dc.s                                     0x00000000   Number         0  dc.o ABSOLUTE
    handlers.s                               0x00000000   Number         0  handlers.o ABSOLUTE
    init.s                                   0x00000000   Number         0  init.o ABSOLUTE
    startup_stm32f103xb.s                    0x00000000   Number         0  startup_stm32f103xb.o ABSOLUTE
    RESET                                    0x08000000   Section      236  startup_stm32f103xb.o(RESET)
    .ARM.Collect$$$$00000000                 0x080000ec   Section        0  entry.o(.ARM.Collect$$$$00000000)
    .ARM.Collect$$$$00000001                 0x080000ec   Section        4  entry2.o(.ARM.Collect$$$$00000001)
    .ARM.Collect$$$$00000004                 0x080000f0   Section        4  entry5.o(.ARM.Collect$$$$00000004)
    .ARM.Collect$$$$00000008                 0x080000f4   Section        0  entry7b.o(.ARM.Collect$$$$00000008)
    .ARM.Collect$$$$0000000A                 0x080000f4   Section        0  entry8b.o(.ARM.Collect$$$$0000000A)
    .ARM.Collect$$$$0000000B                 0x080000f4   Section        8  entry9a.o(.ARM.Collect$$$$0000000B)
    .ARM.Collect$$$$0000000E                 0x080000fc   Section        4  entry12b.o(.ARM.Collect$$$$0000000E)
    .ARM.Collect$$$$0000000F                 0x08000100   Section        0  entry10a.o(.ARM.Collect$$$$0000000F)
    .ARM.Collect$$$$00000011                 0x08000100   Section        0  entry11a.o(.ARM.Collect$$$$00000011)
    .ARM.Collect$$$$00002712                 0x08000100   Section        4  entry2.o(.ARM.Collect$$$$00002712)
    __lit__00000000                          0x08000100   Data           4  entry2.o(.ARM.Collect$$$$00002712)
    .text                                    0x08000104   Section       36  startup_stm32f103xb.o(.text)
    .text                                    0x08000128   Section        0  llushr.o(.text)
    .text                                    0x08000148   Section        0  memcpya.o(.text)
    .text                                    0x0800016c   Section        0  memseta.o(.text)
    .text                                    0x08000190   Section        0  fadd.o(.text)
    .text                                    0x08000240   Section        0  fmul.o(.text)
    .text                                    0x080002a4   Section        0  fdiv.o(.text)
    .text                                    0x08000320   Section        0  ddiv.o(.text)
    .text                                    0x080003fe   Section        0  ffltui.o(.text)
    .text                                    0x08000408   Section        0  ffixi.o(.text)
    .text                                    0x0800043a   Section        0  f2d.o(.text)
    .text                                    0x08000460   Section        0  d2f.o(.text)
    .text                                    0x08000498   Section       20  cfcmple.o(.text)
    .text                                    0x080004ac   Section       20  cfrcmple.o(.text)
    .text                                    0x080004c0   Section        0  strtod.o(.text)
    _local_sscanf                            0x080004c1   Thumb Code    54  strtod.o(.text)
    .text                                    0x0800055c   Section        0  fepilogue.o(.text)
    .text                                    0x0800055c   Section        0  iusefp.o(.text)
    .text                                    0x080005ca   Section        0  depilogue.o(.text)
    .text                                    0x08000684   Section       36  init.o(.text)
    .text                                    0x080006a8   Section        0  llshl.o(.text)
    .text                                    0x080006c6   Section        0  isspace_c.o(.text)
    .text                                    0x080006d0   Section        0  scanf_fp.o(.text)
    _fp_value                                0x080006d1   Thumb Code   296  scanf_fp.o(.text)
    .text                                    0x08000a30   Section        0  _sgetc.o(.text)
    .text                                    0x08000a70   Section        0  ctype_c.o(.text)
    .text                                    0x08000a98   Section        0  dmul.o(.text)
    .text                                    0x08000b7c   Section        0  dfltul.o(.text)
    i.BusFault_Handler                       0x08000b94   Section        0  stm32f1xx_it.o(i.BusFault_Handler)
    i.DataGet1                               0x08000b98   Section        0  main.o(i.DataGet1)
    i.DataGet3                               0x08000bc8   Section        0  main.o(i.DataGet3)
    i.DebugMon_Handler                       0x08000bca   Section        0  stm32f1xx_it.o(i.DebugMon_Handler)
    i.Error_Handler                          0x08000bcc   Section        0  main.o(i.Error_Handler)
    i.HAL_DMA_Abort                          0x08000bd2   Section        0  stm32f1xx_hal_dma.o(i.HAL_DMA_Abort)
    i.HAL_DMA_Abort_IT                       0x08000c28   Section        0  stm32f1xx_hal_dma.o(i.HAL_DMA_Abort_IT)
    i.HAL_GPIO_Init                          0x08000cd8   Section        0  stm32f1xx_hal_gpio.o(i.HAL_GPIO_Init)
    i.HAL_GPIO_ReadPin                       0x08000ff8   Section        0  stm32f1xx_hal_gpio.o(i.HAL_GPIO_ReadPin)
    i.HAL_GPIO_WritePin                      0x08001008   Section        0  stm32f1xx_hal_gpio.o(i.HAL_GPIO_WritePin)
    i.HAL_GetTick                            0x08001014   Section        0  stm32f1xx_hal.o(i.HAL_GetTick)
    i.HAL_IncTick                            0x08001020   Section        0  stm32f1xx_hal.o(i.HAL_IncTick)
    i.HAL_Init                               0x08001038   Section        0  stm32f1xx_hal.o(i.HAL_Init)
    i.HAL_InitTick                           0x08001060   Section        0  stm32f1xx_hal.o(i.HAL_InitTick)
    i.HAL_MspInit                            0x080010ac   Section        0  stm32f1xx_hal_msp.o(i.HAL_MspInit)
    i.HAL_NVIC_EnableIRQ                     0x08001100   Section        0  stm32f1xx_hal_cortex.o(i.HAL_NVIC_EnableIRQ)
    i.HAL_NVIC_SetPriority                   0x08001120   Section        0  stm32f1xx_hal_cortex.o(i.HAL_NVIC_SetPriority)
    i.HAL_NVIC_SetPriorityGrouping           0x0800119c   Section        0  stm32f1xx_hal_cortex.o(i.HAL_NVIC_SetPriorityGrouping)
    i.HAL_RCC_ClockConfig                    0x080011c4   Section        0  stm32f1xx_hal_rcc.o(i.HAL_RCC_ClockConfig)
    i.HAL_RCC_GetHCLKFreq                    0x08001350   Section        0  stm32f1xx_hal_rcc.o(i.HAL_RCC_GetHCLKFreq)
    i.HAL_RCC_GetPCLK1Freq                   0x0800135c   Section        0  stm32f1xx_hal_rcc.o(i.HAL_RCC_GetPCLK1Freq)
    i.HAL_RCC_GetPCLK2Freq                   0x0800137c   Section        0  stm32f1xx_hal_rcc.o(i.HAL_RCC_GetPCLK2Freq)
    i.HAL_RCC_GetSysClockFreq                0x0800139c   Section        0  stm32f1xx_hal_rcc.o(i.HAL_RCC_GetSysClockFreq)
    i.HAL_RCC_OscConfig                      0x08001430   Section        0  stm32f1xx_hal_rcc.o(i.HAL_RCC_OscConfig)
    i.HAL_SYSTICK_Config                     0x08001894   Section        0  stm32f1xx_hal_cortex.o(i.HAL_SYSTICK_Config)
    i.HAL_TIMEx_BreakCallback                0x080018c8   Section        0  stm32f1xx_hal_tim_ex.o(i.HAL_TIMEx_BreakCallback)
    i.HAL_TIMEx_CommutCallback               0x080018ca   Section        0  stm32f1xx_hal_tim_ex.o(i.HAL_TIMEx_CommutCallback)
    i.HAL_TIMEx_MasterConfigSynchronization  0x080018cc   Section        0  stm32f1xx_hal_tim_ex.o(i.HAL_TIMEx_MasterConfigSynchronization)
    i.HAL_TIM_Base_Init                      0x08001950   Section        0  stm32f1xx_hal_tim.o(i.HAL_TIM_Base_Init)
    i.HAL_TIM_Base_MspInit                   0x080019b8   Section        0  tim.o(i.HAL_TIM_Base_MspInit)
    i.HAL_TIM_Base_Start_IT                  0x080019fc   Section        0  stm32f1xx_hal_tim.o(i.HAL_TIM_Base_Start_IT)
    i.HAL_TIM_ConfigClockSource              0x08001a74   Section        0  stm32f1xx_hal_tim.o(i.HAL_TIM_ConfigClockSource)
    i.HAL_TIM_IC_CaptureCallback             0x08001b7c   Section        0  main.o(i.HAL_TIM_IC_CaptureCallback)
    i.HAL_TIM_IC_ConfigChannel               0x08001d44   Section        0  stm32f1xx_hal_tim.o(i.HAL_TIM_IC_ConfigChannel)
    i.HAL_TIM_IC_Init                        0x08001e18   Section        0  stm32f1xx_hal_tim.o(i.HAL_TIM_IC_Init)
    i.HAL_TIM_IC_MspInit                     0x08001e80   Section        0  tim.o(i.HAL_TIM_IC_MspInit)
    i.HAL_TIM_IC_Start_IT                    0x08001f04   Section        0  stm32f1xx_hal_tim.o(i.HAL_TIM_IC_Start_IT)
    i.HAL_TIM_IRQHandler                     0x0800205c   Section        0  stm32f1xx_hal_tim.o(i.HAL_TIM_IRQHandler)
    i.HAL_TIM_MspPostInit                    0x080021f4   Section        0  tim.o(i.HAL_TIM_MspPostInit)
    i.HAL_TIM_OC_DelayElapsedCallback        0x08002288   Section        0  stm32f1xx_hal_tim.o(i.HAL_TIM_OC_DelayElapsedCallback)
    i.HAL_TIM_PWM_ConfigChannel              0x0800228a   Section        0  stm32f1xx_hal_tim.o(i.HAL_TIM_PWM_ConfigChannel)
    i.HAL_TIM_PWM_Init                       0x08002386   Section        0  stm32f1xx_hal_tim.o(i.HAL_TIM_PWM_Init)
    i.HAL_TIM_PWM_MspInit                    0x080023ec   Section        0  tim.o(i.HAL_TIM_PWM_MspInit)
    i.HAL_TIM_PWM_PulseFinishedCallback      0x08002418   Section        0  stm32f1xx_hal_tim.o(i.HAL_TIM_PWM_PulseFinishedCallback)
    i.HAL_TIM_PWM_Start                      0x0800241c   Section        0  stm32f1xx_hal_tim.o(i.HAL_TIM_PWM_Start)
    i.HAL_TIM_PeriodElapsedCallback          0x080024f0   Section        0  main.o(i.HAL_TIM_PeriodElapsedCallback)
    i.HAL_TIM_ReadCapturedValue              0x080025c4   Section        0  stm32f1xx_hal_tim.o(i.HAL_TIM_ReadCapturedValue)
    i.HAL_TIM_TriggerCallback                0x080025f6   Section        0  stm32f1xx_hal_tim.o(i.HAL_TIM_TriggerCallback)
    i.HAL_UARTEx_RxEventCallback             0x080025f8   Section        0  stm32f1xx_hal_uart.o(i.HAL_UARTEx_RxEventCallback)
    i.HAL_UART_AbortReceiveCpltCallback      0x080025fa   Section        0  stm32f1xx_hal_uart.o(i.HAL_UART_AbortReceiveCpltCallback)
    i.HAL_UART_AbortReceive_IT               0x080025fc   Section        0  stm32f1xx_hal_uart.o(i.HAL_UART_AbortReceive_IT)
    i.HAL_UART_ErrorCallback                 0x0800268c   Section        0  stm32f1xx_hal_uart.o(i.HAL_UART_ErrorCallback)
    i.HAL_UART_IRQHandler                    0x08002690   Section        0  stm32f1xx_hal_uart.o(i.HAL_UART_IRQHandler)
    i.HAL_UART_Init                          0x080028dc   Section        0  stm32f1xx_hal_uart.o(i.HAL_UART_Init)
    i.HAL_UART_MspInit                       0x08002950   Section        0  usart.o(i.HAL_UART_MspInit)
    i.HAL_UART_Receive_IT                    0x08002a78   Section        0  stm32f1xx_hal_uart.o(i.HAL_UART_Receive_IT)
    i.HAL_UART_RxCpltCallback                0x08002abc   Section        0  main.o(i.HAL_UART_RxCpltCallback)
    i.HAL_UART_Transmit                      0x08002bfc   Section        0  stm32f1xx_hal_uart.o(i.HAL_UART_Transmit)
    i.HAL_UART_TxCpltCallback                0x08002cce   Section        0  stm32f1xx_hal_uart.o(i.HAL_UART_TxCpltCallback)
    i.HardFault_Handler                      0x08002cd0   Section        0  stm32f1xx_it.o(i.HardFault_Handler)
    i.MX_GPIO_Init                           0x08002cd4   Section        0  gpio.o(i.MX_GPIO_Init)
    i.MX_TIM1_Init                           0x08002da0   Section        0  tim.o(i.MX_TIM1_Init)
    i.MX_TIM2_Init                           0x08002e48   Section        0  tim.o(i.MX_TIM2_Init)
    i.MX_TIM4_Init                           0x08002ed0   Section        0  tim.o(i.MX_TIM4_Init)
    i.MX_USART1_UART_Init                    0x08002f84   Section        0  usart.o(i.MX_USART1_UART_Init)
    i.MX_USART3_UART_Init                    0x08002fbc   Section        0  usart.o(i.MX_USART3_UART_Init)
    i.MemManage_Handler                      0x08002ff4   Section        0  stm32f1xx_it.o(i.MemManage_Handler)
    i.Move_stop                              0x08002ff8   Section        0  main.o(i.Move_stop)
    i.Move_v                                 0x0800304c   Section        0  main.o(i.Move_v)
    i.NMI_Handler                            0x080030fc   Section        0  stm32f1xx_it.o(i.NMI_Handler)
    i.PID                                    0x08003100   Section        0  main.o(i.PID)
    i.PendSV_Handler                         0x08003190   Section        0  stm32f1xx_it.o(i.PendSV_Handler)
    i.RCC_Delay                              0x08003194   Section        0  stm32f1xx_hal_rcc.o(i.RCC_Delay)
    RCC_Delay                                0x08003195   Thumb Code    36  stm32f1xx_hal_rcc.o(i.RCC_Delay)
    i.SVC_Handler                            0x080031bc   Section        0  stm32f1xx_it.o(i.SVC_Handler)
    i.SysTick_Handler                        0x080031be   Section        0  stm32f1xx_it.o(i.SysTick_Handler)
    i.SystemClock_Config                     0x080031c6   Section        0  main.o(i.SystemClock_Config)
    i.SystemInit                             0x0800322c   Section        0  system_stm32f1xx.o(i.SystemInit)
    i.TIM1_CC_IRQHandler                     0x08003230   Section        0  stm32f1xx_it.o(i.TIM1_CC_IRQHandler)
    i.TIM4_IRQHandler                        0x08003240   Section        0  stm32f1xx_it.o(i.TIM4_IRQHandler)
    i.TIM_Base_SetConfig                     0x08003250   Section        0  stm32f1xx_hal_tim.o(i.TIM_Base_SetConfig)
    i.TIM_CCxChannelCmd                      0x080032c4   Section        0  stm32f1xx_hal_tim.o(i.TIM_CCxChannelCmd)
    i.TIM_ETR_SetConfig                      0x080032e6   Section        0  stm32f1xx_hal_tim.o(i.TIM_ETR_SetConfig)
    i.TIM_ITRx_SetConfig                     0x080032fc   Section        0  stm32f1xx_hal_tim.o(i.TIM_ITRx_SetConfig)
    TIM_ITRx_SetConfig                       0x080032fd   Thumb Code    18  stm32f1xx_hal_tim.o(i.TIM_ITRx_SetConfig)
    i.TIM_OC1_SetConfig                      0x08003310   Section        0  stm32f1xx_hal_tim.o(i.TIM_OC1_SetConfig)
    TIM_OC1_SetConfig                        0x08003311   Thumb Code    90  stm32f1xx_hal_tim.o(i.TIM_OC1_SetConfig)
    i.TIM_OC2_SetConfig                      0x08003370   Section        0  stm32f1xx_hal_tim.o(i.TIM_OC2_SetConfig)
    i.TIM_OC3_SetConfig                      0x080033d8   Section        0  stm32f1xx_hal_tim.o(i.TIM_OC3_SetConfig)
    TIM_OC3_SetConfig                        0x080033d9   Thumb Code    98  stm32f1xx_hal_tim.o(i.TIM_OC3_SetConfig)
    i.TIM_OC4_SetConfig                      0x08003440   Section        0  stm32f1xx_hal_tim.o(i.TIM_OC4_SetConfig)
    TIM_OC4_SetConfig                        0x08003441   Thumb Code    68  stm32f1xx_hal_tim.o(i.TIM_OC4_SetConfig)
    i.TIM_TI1_ConfigInputStage               0x08003488   Section        0  stm32f1xx_hal_tim.o(i.TIM_TI1_ConfigInputStage)
    TIM_TI1_ConfigInputStage                 0x08003489   Thumb Code    38  stm32f1xx_hal_tim.o(i.TIM_TI1_ConfigInputStage)
    i.TIM_TI1_SetConfig                      0x080034b0   Section        0  stm32f1xx_hal_tim.o(i.TIM_TI1_SetConfig)
    i.TIM_TI2_ConfigInputStage               0x08003518   Section        0  stm32f1xx_hal_tim.o(i.TIM_TI2_ConfigInputStage)
    TIM_TI2_ConfigInputStage                 0x08003519   Thumb Code    40  stm32f1xx_hal_tim.o(i.TIM_TI2_ConfigInputStage)
    i.TIM_TI2_SetConfig                      0x08003540   Section        0  stm32f1xx_hal_tim.o(i.TIM_TI2_SetConfig)
    TIM_TI2_SetConfig                        0x08003541   Thumb Code    58  stm32f1xx_hal_tim.o(i.TIM_TI2_SetConfig)
    i.TIM_TI3_SetConfig                      0x0800357a   Section        0  stm32f1xx_hal_tim.o(i.TIM_TI3_SetConfig)
    TIM_TI3_SetConfig                        0x0800357b   Thumb Code    56  stm32f1xx_hal_tim.o(i.TIM_TI3_SetConfig)
    i.TIM_TI4_SetConfig                      0x080035b2   Section        0  stm32f1xx_hal_tim.o(i.TIM_TI4_SetConfig)
    TIM_TI4_SetConfig                        0x080035b3   Thumb Code    60  stm32f1xx_hal_tim.o(i.TIM_TI4_SetConfig)
    i.UART_DMAAbortOnError                   0x080035ee   Section        0  stm32f1xx_hal_uart.o(i.UART_DMAAbortOnError)
    UART_DMAAbortOnError                     0x080035ef   Thumb Code    20  stm32f1xx_hal_uart.o(i.UART_DMAAbortOnError)
    i.UART_DMARxOnlyAbortCallback            0x08003602   Section        0  stm32f1xx_hal_uart.o(i.UART_DMARxOnlyAbortCallback)
    UART_DMARxOnlyAbortCallback              0x08003603   Thumb Code    28  stm32f1xx_hal_uart.o(i.UART_DMARxOnlyAbortCallback)
    i.UART_EndRxTransfer                     0x0800361e   Section        0  stm32f1xx_hal_uart.o(i.UART_EndRxTransfer)
    UART_EndRxTransfer                       0x0800361f   Thumb Code    54  stm32f1xx_hal_uart.o(i.UART_EndRxTransfer)
    i.UART_EndTransmit_IT                    0x08003654   Section        0  stm32f1xx_hal_uart.o(i.UART_EndTransmit_IT)
    UART_EndTransmit_IT                      0x08003655   Thumb Code    32  stm32f1xx_hal_uart.o(i.UART_EndTransmit_IT)
    i.UART_Receive_IT                        0x08003674   Section        0  stm32f1xx_hal_uart.o(i.UART_Receive_IT)
    UART_Receive_IT                          0x08003675   Thumb Code   228  stm32f1xx_hal_uart.o(i.UART_Receive_IT)
    i.UART_SetConfig                         0x08003758   Section        0  stm32f1xx_hal_uart.o(i.UART_SetConfig)
    UART_SetConfig                           0x08003759   Thumb Code   248  stm32f1xx_hal_uart.o(i.UART_SetConfig)
    i.UART_Start_Receive_IT                  0x08003854   Section        0  stm32f1xx_hal_uart.o(i.UART_Start_Receive_IT)
    i.UART_Transmit_IT                       0x0800389a   Section        0  stm32f1xx_hal_uart.o(i.UART_Transmit_IT)
    UART_Transmit_IT                         0x0800389b   Thumb Code    96  stm32f1xx_hal_uart.o(i.UART_Transmit_IT)
    i.UART_WaitOnFlagUntilTimeout            0x080038fa   Section        0  stm32f1xx_hal_uart.o(i.UART_WaitOnFlagUntilTimeout)
    UART_WaitOnFlagUntilTimeout              0x080038fb   Thumb Code   108  stm32f1xx_hal_uart.o(i.UART_WaitOnFlagUntilTimeout)
    i.USART1_IRQHandler                      0x08003968   Section        0  stm32f1xx_it.o(i.USART1_IRQHandler)
    i.USART3_IRQHandler                      0x08003978   Section        0  stm32f1xx_it.o(i.USART3_IRQHandler)
    i.UsageFault_Handler                     0x08003988   Section        0  stm32f1xx_it.o(i.UsageFault_Handler)
    i.Wait_Stop                              0x0800398c   Section        0  main.o(i.Wait_Stop)
    i.Waiting                                0x080039b8   Section        0  main.o(i.Waiting)
    i.Wheel                                  0x08003a24   Section        0  main.o(i.Wheel)
    i.__NVIC_GetPriorityGrouping             0x08003acc   Section        0  stm32f1xx_hal_cortex.o(i.__NVIC_GetPriorityGrouping)
    __NVIC_GetPriorityGrouping               0x08003acd   Thumb Code    10  stm32f1xx_hal_cortex.o(i.__NVIC_GetPriorityGrouping)
    i.__NVIC_SetPriority                     0x08003adc   Section        0  stm32f1xx_hal_cortex.o(i.__NVIC_SetPriority)
    __NVIC_SetPriority                       0x08003add   Thumb Code    32  stm32f1xx_hal_cortex.o(i.__NVIC_SetPriority)
    i.__read_errno                           0x08003b04   Section        0  errno.o(i.__read_errno)
    i.__scatterload_copy                     0x08003b10   Section       14  handlers.o(i.__scatterload_copy)
    i.__scatterload_null                     0x08003b1e   Section        2  handlers.o(i.__scatterload_null)
    i.__scatterload_zeroinit                 0x08003b20   Section       14  handlers.o(i.__scatterload_zeroinit)
    i.__set_errno                            0x08003b30   Section        0  errno.o(i.__set_errno)
    i._is_digit                              0x08003b3c   Section        0  scanf_fp.o(i._is_digit)
    i.atof                                   0x08003b4a   Section        0  atof.o(i.atof)
    i.clear_x                                0x08003b74   Section        0  main.o(i.clear_x)
    i.initPID                                0x08003b84   Section        0  main.o(i.initPID)
    i.main                                   0x08003bb0   Section        0  main.o(i.main)
    .constdata                               0x08003cac   Section       24  system_stm32f1xx.o(.constdata)
    .constdata                               0x08003cc4   Section       64  ctype_c.o(.constdata)
    .data                                    0x20000000   Section       48  main.o(.data)
    wait                                     0x20000018   Data           4  main.o(.data)
    wait                                     0x2000001c   Data           4  main.o(.data)
    time                                     0x20000020   Data           4  main.o(.data)
    flag                                     0x20000024   Data           4  main.o(.data)
    count                                    0x20000028   Data           4  main.o(.data)
    wait                                     0x2000002c   Data           4  main.o(.data)
    .data                                    0x20000030   Section        9  stm32f1xx_hal.o(.data)
    .data                                    0x2000003c   Section        4  system_stm32f1xx.o(.data)
    .data                                    0x20000040   Section        4  errno.o(.data)
    _errno                                   0x20000040   Data           4  errno.o(.data)
    .bss                                     0x20000044   Section      280  main.o(.bss)
    a                                        0x20000138   Data          10  main.o(.bss)
    catch3                                   0x20000144   Data          12  main.o(.bss)
    catch4                                   0x20000150   Data          12  main.o(.bss)
    .bss                                     0x2000015c   Section      216  tim.o(.bss)
    .bss                                     0x20000234   Section      136  usart.o(.bss)
    STACK                                    0x200002c0   Section     1024  startup_stm32f103xb.o(STACK)

    Global Symbols

    Symbol Name                              Value     Ov Type        Size  Object(Section)

    BuildAttributes$$THM_ISAv4$P$D$K$B$S$PE$A:L22UL41UL21$X:L11$S22US41US21$IEEE1$IW$USESV6$~STKCKD$USESV7$~SHL$OTIME$ROPI$IEEEJ$EBA8$MICROLIB$REQ8$PRES8$EABIv2 0x00000000   Number         0  anon$$obj.o ABSOLUTE
    __ARM_use_no_argv                        0x00000000   Number         0  main.o ABSOLUTE
    __arm_fini_                               - Undefined Weak Reference
    __cpp_initialize__aeabi_                  - Undefined Weak Reference
    __cxa_finalize                            - Undefined Weak Reference
    __decompress                              - Undefined Weak Reference
    _clock_init                               - Undefined Weak Reference
    _microlib_exit                            - Undefined Weak Reference
    __Vectors_Size                           0x000000ec   Number         0  startup_stm32f103xb.o ABSOLUTE
    __Vectors                                0x08000000   Data           4  startup_stm32f103xb.o(RESET)
    __Vectors_End                            0x080000ec   Data           0  startup_stm32f103xb.o(RESET)
    __main                                   0x080000ed   Thumb Code     0  entry.o(.ARM.Collect$$$$00000000)
    _main_stk                                0x080000ed   Thumb Code     0  entry2.o(.ARM.Collect$$$$00000001)
    _main_scatterload                        0x080000f1   Thumb Code     0  entry5.o(.ARM.Collect$$$$00000004)
    __main_after_scatterload                 0x080000f5   Thumb Code     0  entry5.o(.ARM.Collect$$$$00000004)
    _main_clock                              0x080000f5   Thumb Code     0  entry7b.o(.ARM.Collect$$$$00000008)
    _main_cpp_init                           0x080000f5   Thumb Code     0  entry8b.o(.ARM.Collect$$$$0000000A)
    _main_init                               0x080000f5   Thumb Code     0  entry9a.o(.ARM.Collect$$$$0000000B)
    __rt_lib_shutdown_fini                   0x080000fd   Thumb Code     0  entry12b.o(.ARM.Collect$$$$0000000E)
    __rt_final_cpp                           0x08000101   Thumb Code     0  entry10a.o(.ARM.Collect$$$$0000000F)
    __rt_final_exit                          0x08000101   Thumb Code     0  entry11a.o(.ARM.Collect$$$$00000011)
    Reset_Handler                            0x08000105   Thumb Code     8  startup_stm32f103xb.o(.text)
    ADC1_2_IRQHandler                        0x0800011f   Thumb Code     0  startup_stm32f103xb.o(.text)
    CAN1_RX1_IRQHandler                      0x0800011f   Thumb Code     0  startup_stm32f103xb.o(.text)
    CAN1_SCE_IRQHandler                      0x0800011f   Thumb Code     0  startup_stm32f103xb.o(.text)
    DMA1_Channel1_IRQHandler                 0x0800011f   Thumb Code     0  startup_stm32f103xb.o(.text)
    DMA1_Channel2_IRQHandler                 0x0800011f   Thumb Code     0  startup_stm32f103xb.o(.text)
    DMA1_Channel3_IRQHandler                 0x0800011f   Thumb Code     0  startup_stm32f103xb.o(.text)
    DMA1_Channel4_IRQHandler                 0x0800011f   Thumb Code     0  startup_stm32f103xb.o(.text)
    DMA1_Channel5_IRQHandler                 0x0800011f   Thumb Code     0  startup_stm32f103xb.o(.text)
    DMA1_Channel6_IRQHandler                 0x0800011f   Thumb Code     0  startup_stm32f103xb.o(.text)
    DMA1_Channel7_IRQHandler                 0x0800011f   Thumb Code     0  startup_stm32f103xb.o(.text)
    EXTI0_IRQHandler                         0x0800011f   Thumb Code     0  startup_stm32f103xb.o(.text)
    EXTI15_10_IRQHandler                     0x0800011f   Thumb Code     0  startup_stm32f103xb.o(.text)
    EXTI1_IRQHandler                         0x0800011f   Thumb Code     0  startup_stm32f103xb.o(.text)
    EXTI2_IRQHandler                         0x0800011f   Thumb Code     0  startup_stm32f103xb.o(.text)
    EXTI3_IRQHandler                         0x0800011f   Thumb Code     0  startup_stm32f103xb.o(.text)
    EXTI4_IRQHandler                         0x0800011f   Thumb Code     0  startup_stm32f103xb.o(.text)
    EXTI9_5_IRQHandler                       0x0800011f   Thumb Code     0  startup_stm32f103xb.o(.text)
    FLASH_IRQHandler                         0x0800011f   Thumb Code     0  startup_stm32f103xb.o(.text)
    I2C1_ER_IRQHandler                       0x0800011f   Thumb Code     0  startup_stm32f103xb.o(.text)
    I2C1_EV_IRQHandler                       0x0800011f   Thumb Code     0  startup_stm32f103xb.o(.text)
    I2C2_ER_IRQHandler                       0x0800011f   Thumb Code     0  startup_stm32f103xb.o(.text)
    I2C2_EV_IRQHandler                       0x0800011f   Thumb Code     0  startup_stm32f103xb.o(.text)
    PVD_IRQHandler                           0x0800011f   Thumb Code     0  startup_stm32f103xb.o(.text)
    RCC_IRQHandler                           0x0800011f   Thumb Code     0  startup_stm32f103xb.o(.text)
    RTC_Alarm_IRQHandler                     0x0800011f   Thumb Code     0  startup_stm32f103xb.o(.text)
    RTC_IRQHandler                           0x0800011f   Thumb Code     0  startup_stm32f103xb.o(.text)
    SPI1_IRQHandler                          0x0800011f   Thumb Code     0  startup_stm32f103xb.o(.text)
    SPI2_IRQHandler                          0x0800011f   Thumb Code     0  startup_stm32f103xb.o(.text)
    TAMPER_IRQHandler                        0x0800011f   Thumb Code     0  startup_stm32f103xb.o(.text)
    TIM1_BRK_IRQHandler                      0x0800011f   Thumb Code     0  startup_stm32f103xb.o(.text)
    TIM1_TRG_COM_IRQHandler                  0x0800011f   Thumb Code     0  startup_stm32f103xb.o(.text)
    TIM1_UP_IRQHandler                       0x0800011f   Thumb Code     0  startup_stm32f103xb.o(.text)
    TIM2_IRQHandler                          0x0800011f   Thumb Code     0  startup_stm32f103xb.o(.text)
    TIM3_IRQHandler                          0x0800011f   Thumb Code     0  startup_stm32f103xb.o(.text)
    USART2_IRQHandler                        0x0800011f   Thumb Code     0  startup_stm32f103xb.o(.text)
    USBWakeUp_IRQHandler                     0x0800011f   Thumb Code     0  startup_stm32f103xb.o(.text)
    USB_HP_CAN1_TX_IRQHandler                0x0800011f   Thumb Code     0  startup_stm32f103xb.o(.text)
    USB_LP_CAN1_RX0_IRQHandler               0x0800011f   Thumb Code     0  startup_stm32f103xb.o(.text)
    WWDG_IRQHandler                          0x0800011f   Thumb Code     0  startup_stm32f103xb.o(.text)
    __aeabi_llsr                             0x08000129   Thumb Code    32  llushr.o(.text)
    _ll_ushift_r                             0x08000129   Thumb Code     0  llushr.o(.text)
    __aeabi_memcpy                           0x08000149   Thumb Code    36  memcpya.o(.text)
    __aeabi_memcpy4                          0x08000149   Thumb Code     0  memcpya.o(.text)
    __aeabi_memcpy8                          0x08000149   Thumb Code     0  memcpya.o(.text)
    __aeabi_memset                           0x0800016d   Thumb Code    14  memseta.o(.text)
    __aeabi_memset4                          0x0800016d   Thumb Code     0  memseta.o(.text)
    __aeabi_memset8                          0x0800016d   Thumb Code     0  memseta.o(.text)
    __aeabi_memclr                           0x0800017b   Thumb Code     4  memseta.o(.text)
    __aeabi_memclr4                          0x0800017b   Thumb Code     0  memseta.o(.text)
    __aeabi_memclr8                          0x0800017b   Thumb Code     0  memseta.o(.text)
    _memset$wrapper                          0x0800017f   Thumb Code    18  memseta.o(.text)
    __aeabi_fadd                             0x08000191   Thumb Code   164  fadd.o(.text)
    __aeabi_fsub                             0x08000235   Thumb Code     6  fadd.o(.text)
    __aeabi_frsub                            0x0800023b   Thumb Code     6  fadd.o(.text)
    __aeabi_fmul                             0x08000241   Thumb Code   100  fmul.o(.text)
    __aeabi_fdiv                             0x080002a5   Thumb Code   124  fdiv.o(.text)
    __aeabi_ddiv                             0x08000321   Thumb Code   222  ddiv.o(.text)
    __aeabi_ui2f                             0x080003ff   Thumb Code    10  ffltui.o(.text)
    __aeabi_f2iz                             0x08000409   Thumb Code    50  ffixi.o(.text)
    __aeabi_f2d                              0x0800043b   Thumb Code    38  f2d.o(.text)
    __aeabi_d2f                              0x08000461   Thumb Code    56  d2f.o(.text)
    __aeabi_cfcmpeq                          0x08000499   Thumb Code     0  cfcmple.o(.text)
    __aeabi_cfcmple                          0x08000499   Thumb Code    20  cfcmple.o(.text)
    __aeabi_cfrcmple                         0x080004ad   Thumb Code    20  cfrcmple.o(.text)
    __strtod_int                             0x080004f7   Thumb Code    90  strtod.o(.text)
    __I$use$fp                               0x0800055d   Thumb Code     0  iusefp.o(.text)
    _float_round                             0x0800055d   Thumb Code    18  fepilogue.o(.text)
    _float_epilogue                          0x0800056f   Thumb Code    92  fepilogue.o(.text)
    _double_round                            0x080005cb   Thumb Code    30  depilogue.o(.text)
    _double_epilogue                         0x080005e9   Thumb Code   156  depilogue.o(.text)
    __scatterload                            0x08000685   Thumb Code    28  init.o(.text)
    __scatterload_rt2                        0x08000685   Thumb Code     0  init.o(.text)
    __aeabi_llsl                             0x080006a9   Thumb Code    30  llshl.o(.text)
    _ll_shift_l                              0x080006a9   Thumb Code     0  llshl.o(.text)
    isspace                                  0x080006c7   Thumb Code    10  isspace_c.o(.text)
    _scanf_real                              0x080007f9   Thumb Code     0  scanf_fp.o(.text)
    _scanf_really_real                       0x080007f9   Thumb Code   556  scanf_fp.o(.text)
    _sgetc                                   0x08000a31   Thumb Code    30  _sgetc.o(.text)
    _sbackspace                              0x08000a4f   Thumb Code    34  _sgetc.o(.text)
    __ctype_lookup                           0x08000a71   Thumb Code    34  ctype_c.o(.text)
    __aeabi_dmul                             0x08000a99   Thumb Code   228  dmul.o(.text)
    __aeabi_ul2d                             0x08000b7d   Thumb Code    24  dfltul.o(.text)
    BusFault_Handler                         0x08000b95   Thumb Code     4  stm32f1xx_it.o(i.BusFault_Handler)
    DataGet1                                 0x08000b99   Thumb Code    42  main.o(i.DataGet1)
    DataGet3                                 0x08000bc9   Thumb Code     2  main.o(i.DataGet3)
    DebugMon_Handler                         0x08000bcb   Thumb Code     2  stm32f1xx_it.o(i.DebugMon_Handler)
    Error_Handler                            0x08000bcd   Thumb Code     6  main.o(i.Error_Handler)
    HAL_DMA_Abort                            0x08000bd3   Thumb Code    86  stm32f1xx_hal_dma.o(i.HAL_DMA_Abort)
    HAL_DMA_Abort_IT                         0x08000c29   Thumb Code   172  stm32f1xx_hal_dma.o(i.HAL_DMA_Abort_IT)
    HAL_GPIO_Init                            0x08000cd9   Thumb Code   766  stm32f1xx_hal_gpio.o(i.HAL_GPIO_Init)
    HAL_GPIO_ReadPin                         0x08000ff9   Thumb Code    16  stm32f1xx_hal_gpio.o(i.HAL_GPIO_ReadPin)
    HAL_GPIO_WritePin                        0x08001009   Thumb Code    12  stm32f1xx_hal_gpio.o(i.HAL_GPIO_WritePin)
    HAL_GetTick                              0x08001015   Thumb Code     6  stm32f1xx_hal.o(i.HAL_GetTick)
    HAL_IncTick                              0x08001021   Thumb Code    16  stm32f1xx_hal.o(i.HAL_IncTick)
    HAL_Init                                 0x08001039   Thumb Code    34  stm32f1xx_hal.o(i.HAL_Init)
    HAL_InitTick                             0x08001061   Thumb Code    64  stm32f1xx_hal.o(i.HAL_InitTick)
    HAL_MspInit                              0x080010ad   Thumb Code    76  stm32f1xx_hal_msp.o(i.HAL_MspInit)
    HAL_NVIC_EnableIRQ                       0x08001101   Thumb Code    32  stm32f1xx_hal_cortex.o(i.HAL_NVIC_EnableIRQ)
    HAL_NVIC_SetPriority                     0x08001121   Thumb Code   124  stm32f1xx_hal_cortex.o(i.HAL_NVIC_SetPriority)
    HAL_NVIC_SetPriorityGrouping             0x0800119d   Thumb Code    32  stm32f1xx_hal_cortex.o(i.HAL_NVIC_SetPriorityGrouping)
    HAL_RCC_ClockConfig                      0x080011c5   Thumb Code   376  stm32f1xx_hal_rcc.o(i.HAL_RCC_ClockConfig)
    HAL_RCC_GetHCLKFreq                      0x08001351   Thumb Code     6  stm32f1xx_hal_rcc.o(i.HAL_RCC_GetHCLKFreq)
    HAL_RCC_GetPCLK1Freq                     0x0800135d   Thumb Code    22  stm32f1xx_hal_rcc.o(i.HAL_RCC_GetPCLK1Freq)
    HAL_RCC_GetPCLK2Freq                     0x0800137d   Thumb Code    22  stm32f1xx_hal_rcc.o(i.HAL_RCC_GetPCLK2Freq)
    HAL_RCC_GetSysClockFreq                  0x0800139d   Thumb Code   116  stm32f1xx_hal_rcc.o(i.HAL_RCC_GetSysClockFreq)
    HAL_RCC_OscConfig                        0x08001431   Thumb Code  1114  stm32f1xx_hal_rcc.o(i.HAL_RCC_OscConfig)
    HAL_SYSTICK_Config                       0x08001895   Thumb Code    52  stm32f1xx_hal_cortex.o(i.HAL_SYSTICK_Config)
    HAL_TIMEx_BreakCallback                  0x080018c9   Thumb Code     2  stm32f1xx_hal_tim_ex.o(i.HAL_TIMEx_BreakCallback)
    HAL_TIMEx_CommutCallback                 0x080018cb   Thumb Code     2  stm32f1xx_hal_tim_ex.o(i.HAL_TIMEx_CommutCallback)
    HAL_TIMEx_MasterConfigSynchronization    0x080018cd   Thumb Code   118  stm32f1xx_hal_tim_ex.o(i.HAL_TIMEx_MasterConfigSynchronization)
    HAL_TIM_Base_Init                        0x08001951   Thumb Code   102  stm32f1xx_hal_tim.o(i.HAL_TIM_Base_Init)
    HAL_TIM_Base_MspInit                     0x080019b9   Thumb Code    58  tim.o(i.HAL_TIM_Base_MspInit)
    HAL_TIM_Base_Start_IT                    0x080019fd   Thumb Code   106  stm32f1xx_hal_tim.o(i.HAL_TIM_Base_Start_IT)
    HAL_TIM_ConfigClockSource                0x08001a75   Thumb Code   264  stm32f1xx_hal_tim.o(i.HAL_TIM_ConfigClockSource)
    HAL_TIM_IC_CaptureCallback               0x08001b7d   Thumb Code   414  main.o(i.HAL_TIM_IC_CaptureCallback)
    HAL_TIM_IC_ConfigChannel                 0x08001d45   Thumb Code   212  stm32f1xx_hal_tim.o(i.HAL_TIM_IC_ConfigChannel)
    HAL_TIM_IC_Init                          0x08001e19   Thumb Code   102  stm32f1xx_hal_tim.o(i.HAL_TIM_IC_Init)
    HAL_TIM_IC_MspInit                       0x08001e81   Thumb Code   118  tim.o(i.HAL_TIM_IC_MspInit)
    HAL_TIM_IC_Start_IT                      0x08001f05   Thumb Code   332  stm32f1xx_hal_tim.o(i.HAL_TIM_IC_Start_IT)
    HAL_TIM_IRQHandler                       0x0800205d   Thumb Code   406  stm32f1xx_hal_tim.o(i.HAL_TIM_IRQHandler)
    HAL_TIM_MspPostInit                      0x080021f5   Thumb Code   132  tim.o(i.HAL_TIM_MspPostInit)
    HAL_TIM_OC_DelayElapsedCallback          0x08002289   Thumb Code     2  stm32f1xx_hal_tim.o(i.HAL_TIM_OC_DelayElapsedCallback)
    HAL_TIM_PWM_ConfigChannel                0x0800228b   Thumb Code   252  stm32f1xx_hal_tim.o(i.HAL_TIM_PWM_ConfigChannel)
    HAL_TIM_PWM_Init                         0x08002387   Thumb Code   102  stm32f1xx_hal_tim.o(i.HAL_TIM_PWM_Init)
    HAL_TIM_PWM_MspInit                      0x080023ed   Thumb Code    40  tim.o(i.HAL_TIM_PWM_MspInit)
    HAL_TIM_PWM_PulseFinishedCallback        0x08002419   Thumb Code     2  stm32f1xx_hal_tim.o(i.HAL_TIM_PWM_PulseFinishedCallback)
    HAL_TIM_PWM_Start                        0x0800241d   Thumb Code   198  stm32f1xx_hal_tim.o(i.HAL_TIM_PWM_Start)
    HAL_TIM_PeriodElapsedCallback            0x080024f1   Thumb Code   184  main.o(i.HAL_TIM_PeriodElapsedCallback)
    HAL_TIM_ReadCapturedValue                0x080025c5   Thumb Code    50  stm32f1xx_hal_tim.o(i.HAL_TIM_ReadCapturedValue)
    HAL_TIM_TriggerCallback                  0x080025f7   Thumb Code     2  stm32f1xx_hal_tim.o(i.HAL_TIM_TriggerCallback)
    HAL_UARTEx_RxEventCallback               0x080025f9   Thumb Code     2  stm32f1xx_hal_uart.o(i.HAL_UARTEx_RxEventCallback)
    HAL_UART_AbortReceiveCpltCallback        0x080025fb   Thumb Code     2  stm32f1xx_hal_uart.o(i.HAL_UART_AbortReceiveCpltCallback)
    HAL_UART_AbortReceive_IT                 0x080025fd   Thumb Code   140  stm32f1xx_hal_uart.o(i.HAL_UART_AbortReceive_IT)
    HAL_UART_ErrorCallback                   0x0800268d   Thumb Code     2  stm32f1xx_hal_uart.o(i.HAL_UART_ErrorCallback)
    HAL_UART_IRQHandler                      0x08002691   Thumb Code   582  stm32f1xx_hal_uart.o(i.HAL_UART_IRQHandler)
    HAL_UART_Init                            0x080028dd   Thumb Code   114  stm32f1xx_hal_uart.o(i.HAL_UART_Init)
    HAL_UART_MspInit                         0x08002951   Thumb Code   274  usart.o(i.HAL_UART_MspInit)
    HAL_UART_Receive_IT                      0x08002a79   Thumb Code    66  stm32f1xx_hal_uart.o(i.HAL_UART_Receive_IT)
    HAL_UART_RxCpltCallback                  0x08002abd   Thumb Code   280  main.o(i.HAL_UART_RxCpltCallback)
    HAL_UART_Transmit                        0x08002bfd   Thumb Code   210  stm32f1xx_hal_uart.o(i.HAL_UART_Transmit)
    HAL_UART_TxCpltCallback                  0x08002ccf   Thumb Code     2  stm32f1xx_hal_uart.o(i.HAL_UART_TxCpltCallback)
    HardFault_Handler                        0x08002cd1   Thumb Code     4  stm32f1xx_it.o(i.HardFault_Handler)
    MX_GPIO_Init                             0x08002cd5   Thumb Code   190  gpio.o(i.MX_GPIO_Init)
    MX_TIM1_Init                             0x08002da1   Thumb Code   160  tim.o(i.MX_TIM1_Init)
    MX_TIM2_Init                             0x08002e49   Thumb Code   132  tim.o(i.MX_TIM2_Init)
    MX_TIM4_Init                             0x08002ed1   Thumb Code   170  tim.o(i.MX_TIM4_Init)
    MX_USART1_UART_Init                      0x08002f85   Thumb Code    46  usart.o(i.MX_USART1_UART_Init)
    MX_USART3_UART_Init                      0x08002fbd   Thumb Code    46  usart.o(i.MX_USART3_UART_Init)
    MemManage_Handler                        0x08002ff5   Thumb Code     4  stm32f1xx_it.o(i.MemManage_Handler)
    Move_stop                                0x08002ff9   Thumb Code    66  main.o(i.Move_stop)
    Move_v                                   0x0800304d   Thumb Code   144  main.o(i.Move_v)
    NMI_Handler                              0x080030fd   Thumb Code     4  stm32f1xx_it.o(i.NMI_Handler)
    PID                                      0x08003101   Thumb Code   144  main.o(i.PID)
    PendSV_Handler                           0x08003191   Thumb Code     2  stm32f1xx_it.o(i.PendSV_Handler)
    SVC_Handler                              0x080031bd   Thumb Code     2  stm32f1xx_it.o(i.SVC_Handler)
    SysTick_Handler                          0x080031bf   Thumb Code     8  stm32f1xx_it.o(i.SysTick_Handler)
    SystemClock_Config                       0x080031c7   Thumb Code   102  main.o(i.SystemClock_Config)
    SystemInit                               0x0800322d   Thumb Code     2  system_stm32f1xx.o(i.SystemInit)
    TIM1_CC_IRQHandler                       0x08003231   Thumb Code    10  stm32f1xx_it.o(i.TIM1_CC_IRQHandler)
    TIM4_IRQHandler                          0x08003241   Thumb Code    10  stm32f1xx_it.o(i.TIM4_IRQHandler)
    TIM_Base_SetConfig                       0x08003251   Thumb Code   104  stm32f1xx_hal_tim.o(i.TIM_Base_SetConfig)
    TIM_CCxChannelCmd                        0x080032c5   Thumb Code    34  stm32f1xx_hal_tim.o(i.TIM_CCxChannelCmd)
    TIM_ETR_SetConfig                        0x080032e7   Thumb Code    22  stm32f1xx_hal_tim.o(i.TIM_ETR_SetConfig)
    TIM_OC2_SetConfig                        0x08003371   Thumb Code   100  stm32f1xx_hal_tim.o(i.TIM_OC2_SetConfig)
    TIM_TI1_SetConfig                        0x080034b1   Thumb Code    90  stm32f1xx_hal_tim.o(i.TIM_TI1_SetConfig)
    UART_Start_Receive_IT                    0x08003855   Thumb Code    70  stm32f1xx_hal_uart.o(i.UART_Start_Receive_IT)
    USART1_IRQHandler                        0x08003969   Thumb Code    10  stm32f1xx_it.o(i.USART1_IRQHandler)
    USART3_IRQHandler                        0x08003979   Thumb Code    10  stm32f1xx_it.o(i.USART3_IRQHandler)
    UsageFault_Handler                       0x08003989   Thumb Code     4  stm32f1xx_it.o(i.UsageFault_Handler)
    Wait_Stop                                0x0800398d   Thumb Code    38  main.o(i.Wait_Stop)
    Waiting                                  0x080039b9   Thumb Code    90  main.o(i.Waiting)
    Wheel                                    0x08003a25   Thumb Code   152  main.o(i.Wheel)
    __read_errno                             0x08003b05   Thumb Code     6  errno.o(i.__read_errno)
    __scatterload_copy                       0x08003b11   Thumb Code    14  handlers.o(i.__scatterload_copy)
    __scatterload_null                       0x08003b1f   Thumb Code     2  handlers.o(i.__scatterload_null)
    __scatterload_zeroinit                   0x08003b21   Thumb Code    14  handlers.o(i.__scatterload_zeroinit)
    __set_errno                              0x08003b31   Thumb Code     6  errno.o(i.__set_errno)
    _is_digit                                0x08003b3d   Thumb Code    14  scanf_fp.o(i._is_digit)
    atof                                     0x08003b4b   Thumb Code    42  atof.o(i.atof)
    clear_x                                  0x08003b75   Thumb Code    12  main.o(i.clear_x)
    initPID                                  0x08003b85   Thumb Code    44  main.o(i.initPID)
    main                                     0x08003bb1   Thumb Code   194  main.o(i.main)
    AHBPrescTable                            0x08003cac   Data          16  system_stm32f1xx.o(.constdata)
    APBPrescTable                            0x08003cbc   Data           8  system_stm32f1xx.o(.constdata)
    __ctype_categories                       0x08003cc4   Data          64  ctype_c.o(.constdata)
    Region$$Table$$Base                      0x08003d04   Number         0  anon$$obj.o(Region$$Table)
    Region$$Table$$Limit                     0x08003d24   Number         0  anon$$obj.o(Region$$Table)
    rx_buf1                                  0x20000000   Data           1  main.o(.data)
    rx_buf2                                  0x20000001   Data           1  main.o(.data)
    rx_buf3                                  0x20000002   Data           1  main.o(.data)
    mode                                     0x20000004   Data           4  main.o(.data)
    k                                        0x20000008   Data           4  main.o(.data)
    flag                                     0x2000000c   Data           4  main.o(.data)
    x_right                                  0x20000010   Data           4  main.o(.data)
    x_left                                   0x20000014   Data           4  main.o(.data)
    uwTick                                   0x20000030   Data           4  stm32f1xx_hal.o(.data)
    uwTickPrio                               0x20000034   Data           4  stm32f1xx_hal.o(.data)
    uwTickFreq                               0x20000038   Data           1  stm32f1xx_hal.o(.data)
    SystemCoreClock                          0x2000003c   Data           4  system_stm32f1xx.o(.data)
    gest                                     0x20000044   Data          28  main.o(.bss)
    tgest                                    0x20000060   Data          28  main.o(.bss)
    globalgest                               0x2000007c   Data          28  main.o(.bss)
    pidposition                              0x20000098   Data          32  main.o(.bss)
    pidspeed1                                0x200000b8   Data          32  main.o(.bss)
    pidspeed2                                0x200000d8   Data          32  main.o(.bss)
    pidangle                                 0x200000f8   Data          32  main.o(.bss)
    piddistance                              0x20000118   Data          32  main.o(.bss)
    htim1                                    0x2000015c   Data          72  tim.o(.bss)
    htim2                                    0x200001a4   Data          72  tim.o(.bss)
    htim4                                    0x200001ec   Data          72  tim.o(.bss)
    huart1                                   0x20000234   Data          68  usart.o(.bss)
    huart3                                   0x20000278   Data          68  usart.o(.bss)
    __initial_sp                             0x200006c0   Data           0  startup_stm32f103xb.o(STACK)



==============================================================================

Memory Map of the image

  Image Entry point : 0x080000ed

  Load Region LR_IROM1 (Base: 0x08000000, Size: 0x00003d68, Max: 0x00010000, ABSOLUTE)

    Execution Region ER_IROM1 (Exec base: 0x08000000, Load base: 0x08000000, Size: 0x00003d24, Max: 0x00010000, ABSOLUTE)

    Exec Addr    Load Addr    Size         Type   Attr      Idx    E Section Name        Object

    0x08000000   0x08000000   0x000000ec   Data   RO            3    RESET               startup_stm32f103xb.o
    0x080000ec   0x080000ec   0x00000000   Code   RO         3146  * .ARM.Collect$$$$00000000  mc_w.l(entry.o)
    0x080000ec   0x080000ec   0x00000004   Code   RO         3177    .ARM.Collect$$$$00000001  mc_w.l(entry2.o)
    0x080000f0   0x080000f0   0x00000004   Code   RO         3180    .ARM.Collect$$$$00000004  mc_w.l(entry5.o)
    0x080000f4   0x080000f4   0x00000000   Code   RO         3182    .ARM.Collect$$$$00000008  mc_w.l(entry7b.o)
    0x080000f4   0x080000f4   0x00000000   Code   RO         3184    .ARM.Collect$$$$0000000A  mc_w.l(entry8b.o)
    0x080000f4   0x080000f4   0x00000008   Code   RO         3185    .ARM.Collect$$$$0000000B  mc_w.l(entry9a.o)
    0x080000fc   0x080000fc   0x00000004   Code   RO         3192    .ARM.Collect$$$$0000000E  mc_w.l(entry12b.o)
    0x08000100   0x08000100   0x00000000   Code   RO         3187    .ARM.Collect$$$$0000000F  mc_w.l(entry10a.o)
    0x08000100   0x08000100   0x00000000   Code   RO         3189    .ARM.Collect$$$$00000011  mc_w.l(entry11a.o)
    0x08000100   0x08000100   0x00000004   Code   RO         3178    .ARM.Collect$$$$00002712  mc_w.l(entry2.o)
    0x08000104   0x08000104   0x00000024   Code   RO            4    .text               startup_stm32f103xb.o
    0x08000128   0x08000128   0x00000020   Code   RO         3149    .text               mc_w.l(llushr.o)
    0x08000148   0x08000148   0x00000024   Code   RO         3151    .text               mc_w.l(memcpya.o)
    0x0800016c   0x0800016c   0x00000024   Code   RO         3153    .text               mc_w.l(memseta.o)
    0x08000190   0x08000190   0x000000b0   Code   RO         3157    .text               mf_w.l(fadd.o)
    0x08000240   0x08000240   0x00000064   Code   RO         3159    .text               mf_w.l(fmul.o)
    0x080002a4   0x080002a4   0x0000007c   Code   RO         3161    .text               mf_w.l(fdiv.o)
    0x08000320   0x08000320   0x000000de   Code   RO         3163    .text               mf_w.l(ddiv.o)
    0x080003fe   0x080003fe   0x0000000a   Code   RO         3165    .text               mf_w.l(ffltui.o)
    0x08000408   0x08000408   0x00000032   Code   RO         3167    .text               mf_w.l(ffixi.o)
    0x0800043a   0x0800043a   0x00000026   Code   RO         3169    .text               mf_w.l(f2d.o)
    0x08000460   0x08000460   0x00000038   Code   RO         3171    .text               mf_w.l(d2f.o)
    0x08000498   0x08000498   0x00000014   Code   RO         3173    .text               mf_w.l(cfcmple.o)
    0x080004ac   0x080004ac   0x00000014   Code   RO         3175    .text               mf_w.l(cfrcmple.o)
    0x080004c0   0x080004c0   0x0000009c   Code   RO         3200    .text               mc_w.l(strtod.o)
    0x0800055c   0x0800055c   0x00000000   Code   RO         3202    .text               mc_w.l(iusefp.o)
    0x0800055c   0x0800055c   0x0000006e   Code   RO         3203    .text               mf_w.l(fepilogue.o)
    0x080005ca   0x080005ca   0x000000ba   Code   RO         3205    .text               mf_w.l(depilogue.o)
    0x08000684   0x08000684   0x00000024   Code   RO         3207    .text               mc_w.l(init.o)
    0x080006a8   0x080006a8   0x0000001e   Code   RO         3209    .text               mc_w.l(llshl.o)
    0x080006c6   0x080006c6   0x0000000a   Code   RO         3211    .text               mc_w.l(isspace_c.o)
    0x080006d0   0x080006d0   0x00000360   Code   RO         3213    .text               mc_w.l(scanf_fp.o)
    0x08000a30   0x08000a30   0x00000040   Code   RO         3217    .text               mc_w.l(_sgetc.o)
    0x08000a70   0x08000a70   0x00000028   Code   RO         3219    .text               mc_w.l(ctype_c.o)
    0x08000a98   0x08000a98   0x000000e4   Code   RO         3222    .text               mf_w.l(dmul.o)
    0x08000b7c   0x08000b7c   0x00000018   Code   RO         3224    .text               mf_w.l(dfltul.o)
    0x08000b94   0x08000b94   0x00000004   Code   RO          415    i.BusFault_Handler  stm32f1xx_it.o
    0x08000b98   0x08000b98   0x00000030   Code   RO           13    i.DataGet1          main.o
    0x08000bc8   0x08000bc8   0x00000002   Code   RO           15    i.DataGet3          main.o
    0x08000bca   0x08000bca   0x00000002   Code   RO          416    i.DebugMon_Handler  stm32f1xx_it.o
    0x08000bcc   0x08000bcc   0x00000006   Code   RO           16    i.Error_Handler     main.o
    0x08000bd2   0x08000bd2   0x00000056   Code   RO         2119    i.HAL_DMA_Abort     stm32f1xx_hal_dma.o
    0x08000c28   0x08000c28   0x000000b0   Code   RO         2120    i.HAL_DMA_Abort_IT  stm32f1xx_hal_dma.o
    0x08000cd8   0x08000cd8   0x00000320   Code   RO         2055    i.HAL_GPIO_Init     stm32f1xx_hal_gpio.o
    0x08000ff8   0x08000ff8   0x00000010   Code   RO         2057    i.HAL_GPIO_ReadPin  stm32f1xx_hal_gpio.o
    0x08001008   0x08001008   0x0000000c   Code   RO         2059    i.HAL_GPIO_WritePin  stm32f1xx_hal_gpio.o
    0x08001014   0x08001014   0x0000000c   Code   RO         1746    i.HAL_GetTick       stm32f1xx_hal.o
    0x08001020   0x08001020   0x00000018   Code   RO         1752    i.HAL_IncTick       stm32f1xx_hal.o
    0x08001038   0x08001038   0x00000028   Code   RO         1753    i.HAL_Init          stm32f1xx_hal.o
    0x08001060   0x08001060   0x0000004c   Code   RO         1754    i.HAL_InitTick      stm32f1xx_hal.o
    0x080010ac   0x080010ac   0x00000054   Code   RO          515    i.HAL_MspInit       stm32f1xx_hal_msp.o
    0x08001100   0x08001100   0x00000020   Code   RO         2215    i.HAL_NVIC_EnableIRQ  stm32f1xx_hal_cortex.o
    0x08001120   0x08001120   0x0000007c   Code   RO         2221    i.HAL_NVIC_SetPriority  stm32f1xx_hal_cortex.o
    0x0800119c   0x0800119c   0x00000028   Code   RO         2222    i.HAL_NVIC_SetPriorityGrouping  stm32f1xx_hal_cortex.o
    0x080011c4   0x080011c4   0x0000018c   Code   RO         1910    i.HAL_RCC_ClockConfig  stm32f1xx_hal_rcc.o
    0x08001350   0x08001350   0x0000000c   Code   RO         1915    i.HAL_RCC_GetHCLKFreq  stm32f1xx_hal_rcc.o
    0x0800135c   0x0800135c   0x00000020   Code   RO         1917    i.HAL_RCC_GetPCLK1Freq  stm32f1xx_hal_rcc.o
    0x0800137c   0x0800137c   0x00000020   Code   RO         1918    i.HAL_RCC_GetPCLK2Freq  stm32f1xx_hal_rcc.o
    0x0800139c   0x0800139c   0x00000094   Code   RO         1919    i.HAL_RCC_GetSysClockFreq  stm32f1xx_hal_rcc.o
    0x08001430   0x08001430   0x00000464   Code   RO         1922    i.HAL_RCC_OscConfig  stm32f1xx_hal_rcc.o
    0x08001894   0x08001894   0x00000034   Code   RO         2226    i.HAL_SYSTICK_Config  stm32f1xx_hal_cortex.o
    0x080018c8   0x080018c8   0x00000002   Code   RO         1468    i.HAL_TIMEx_BreakCallback  stm32f1xx_hal_tim_ex.o
    0x080018ca   0x080018ca   0x00000002   Code   RO         1469    i.HAL_TIMEx_CommutCallback  stm32f1xx_hal_tim_ex.o
    0x080018cc   0x080018cc   0x00000084   Code   RO         1487    i.HAL_TIMEx_MasterConfigSynchronization  stm32f1xx_hal_tim_ex.o
    0x08001950   0x08001950   0x00000066   Code   RO          753    i.HAL_TIM_Base_Init  stm32f1xx_hal_tim.o
    0x080019b6   0x080019b6   0x00000002   PAD
    0x080019b8   0x080019b8   0x00000044   Code   RO          284    i.HAL_TIM_Base_MspInit  tim.o
    0x080019fc   0x080019fc   0x00000078   Code   RO          758    i.HAL_TIM_Base_Start_IT  stm32f1xx_hal_tim.o
    0x08001a74   0x08001a74   0x00000108   Code   RO          762    i.HAL_TIM_ConfigClockSource  stm32f1xx_hal_tim.o
    0x08001b7c   0x08001b7c   0x000001c8   Code   RO           17    i.HAL_TIM_IC_CaptureCallback  main.o
    0x08001d44   0x08001d44   0x000000d4   Code   RO          789    i.HAL_TIM_IC_ConfigChannel  stm32f1xx_hal_tim.o
    0x08001e18   0x08001e18   0x00000066   Code   RO          792    i.HAL_TIM_IC_Init   stm32f1xx_hal_tim.o
    0x08001e7e   0x08001e7e   0x00000002   PAD
    0x08001e80   0x08001e80   0x00000084   Code   RO          286    i.HAL_TIM_IC_MspInit  tim.o
    0x08001f04   0x08001f04   0x00000158   Code   RO          797    i.HAL_TIM_IC_Start_IT  stm32f1xx_hal_tim.o
    0x0800205c   0x0800205c   0x00000196   Code   RO          801    i.HAL_TIM_IRQHandler  stm32f1xx_hal_tim.o
    0x080021f2   0x080021f2   0x00000002   PAD
    0x080021f4   0x080021f4   0x00000094   Code   RO          287    i.HAL_TIM_MspPostInit  tim.o
    0x08002288   0x08002288   0x00000002   Code   RO          804    i.HAL_TIM_OC_DelayElapsedCallback  stm32f1xx_hal_tim.o
    0x0800228a   0x0800228a   0x000000fc   Code   RO          825    i.HAL_TIM_PWM_ConfigChannel  stm32f1xx_hal_tim.o
    0x08002386   0x08002386   0x00000066   Code   RO          828    i.HAL_TIM_PWM_Init  stm32f1xx_hal_tim.o
    0x080023ec   0x080023ec   0x0000002c   Code   RO          289    i.HAL_TIM_PWM_MspInit  tim.o
    0x08002418   0x08002418   0x00000002   Code   RO          831    i.HAL_TIM_PWM_PulseFinishedCallback  stm32f1xx_hal_tim.o
    0x0800241a   0x0800241a   0x00000002   PAD
    0x0800241c   0x0800241c   0x000000d4   Code   RO          833    i.HAL_TIM_PWM_Start  stm32f1xx_hal_tim.o
    0x080024f0   0x080024f0   0x000000d4   Code   RO           18    i.HAL_TIM_PeriodElapsedCallback  main.o
    0x080025c4   0x080025c4   0x00000032   Code   RO          841    i.HAL_TIM_ReadCapturedValue  stm32f1xx_hal_tim.o
    0x080025f6   0x080025f6   0x00000002   Code   RO          844    i.HAL_TIM_TriggerCallback  stm32f1xx_hal_tim.o
    0x080025f8   0x080025f8   0x00000002   Code   RO         2752    i.HAL_UARTEx_RxEventCallback  stm32f1xx_hal_uart.o
    0x080025fa   0x080025fa   0x00000002   Code   RO         2756    i.HAL_UART_AbortReceiveCpltCallback  stm32f1xx_hal_uart.o
    0x080025fc   0x080025fc   0x00000090   Code   RO         2757    i.HAL_UART_AbortReceive_IT  stm32f1xx_hal_uart.o
    0x0800268c   0x0800268c   0x00000002   Code   RO         2766    i.HAL_UART_ErrorCallback  stm32f1xx_hal_uart.o
    0x0800268e   0x0800268e   0x00000002   PAD
    0x08002690   0x08002690   0x0000024c   Code   RO         2769    i.HAL_UART_IRQHandler  stm32f1xx_hal_uart.o
    0x080028dc   0x080028dc   0x00000072   Code   RO         2770    i.HAL_UART_Init     stm32f1xx_hal_uart.o
    0x0800294e   0x0800294e   0x00000002   PAD
    0x08002950   0x08002950   0x00000128   Code   RO          368    i.HAL_UART_MspInit  usart.o
    0x08002a78   0x08002a78   0x00000042   Code   RO         2775    i.HAL_UART_Receive_IT  stm32f1xx_hal_uart.o
    0x08002aba   0x08002aba   0x00000002   PAD
    0x08002abc   0x08002abc   0x00000140   Code   RO           19    i.HAL_UART_RxCpltCallback  main.o
    0x08002bfc   0x08002bfc   0x000000d2   Code   RO         2778    i.HAL_UART_Transmit  stm32f1xx_hal_uart.o
    0x08002cce   0x08002cce   0x00000002   Code   RO         2781    i.HAL_UART_TxCpltCallback  stm32f1xx_hal_uart.o
    0x08002cd0   0x08002cd0   0x00000004   Code   RO          417    i.HardFault_Handler  stm32f1xx_it.o
    0x08002cd4   0x08002cd4   0x000000cc   Code   RO          259    i.MX_GPIO_Init      gpio.o
    0x08002da0   0x08002da0   0x000000a8   Code   RO          290    i.MX_TIM1_Init      tim.o
    0x08002e48   0x08002e48   0x00000088   Code   RO          291    i.MX_TIM2_Init      tim.o
    0x08002ed0   0x08002ed0   0x000000b4   Code   RO          292    i.MX_TIM4_Init      tim.o
    0x08002f84   0x08002f84   0x00000038   Code   RO          369    i.MX_USART1_UART_Init  usart.o
    0x08002fbc   0x08002fbc   0x00000038   Code   RO          370    i.MX_USART3_UART_Init  usart.o
    0x08002ff4   0x08002ff4   0x00000004   Code   RO          418    i.MemManage_Handler  stm32f1xx_it.o
    0x08002ff8   0x08002ff8   0x00000054   Code   RO           20    i.Move_stop         main.o
    0x0800304c   0x0800304c   0x000000b0   Code   RO           21    i.Move_v            main.o
    0x080030fc   0x080030fc   0x00000004   Code   RO          419    i.NMI_Handler       stm32f1xx_it.o
    0x08003100   0x08003100   0x00000090   Code   RO           22    i.PID               main.o
    0x08003190   0x08003190   0x00000002   Code   RO          420    i.PendSV_Handler    stm32f1xx_it.o
    0x08003192   0x08003192   0x00000002   PAD
    0x08003194   0x08003194   0x00000028   Code   RO         1923    i.RCC_Delay         stm32f1xx_hal_rcc.o
    0x080031bc   0x080031bc   0x00000002   Code   RO          421    i.SVC_Handler       stm32f1xx_it.o
    0x080031be   0x080031be   0x00000008   Code   RO          422    i.SysTick_Handler   stm32f1xx_it.o
    0x080031c6   0x080031c6   0x00000066   Code   RO           23    i.SystemClock_Config  main.o
    0x0800322c   0x0800322c   0x00000002   Code   RO         3109    i.SystemInit        system_stm32f1xx.o
    0x0800322e   0x0800322e   0x00000002   PAD
    0x08003230   0x08003230   0x00000010   Code   RO          423    i.TIM1_CC_IRQHandler  stm32f1xx_it.o
    0x08003240   0x08003240   0x00000010   Code   RO          424    i.TIM4_IRQHandler   stm32f1xx_it.o
    0x08003250   0x08003250   0x00000074   Code   RO          846    i.TIM_Base_SetConfig  stm32f1xx_hal_tim.o
    0x080032c4   0x080032c4   0x00000022   Code   RO          847    i.TIM_CCxChannelCmd  stm32f1xx_hal_tim.o
    0x080032e6   0x080032e6   0x00000016   Code   RO          857    i.TIM_ETR_SetConfig  stm32f1xx_hal_tim.o
    0x080032fc   0x080032fc   0x00000012   Code   RO          858    i.TIM_ITRx_SetConfig  stm32f1xx_hal_tim.o
    0x0800330e   0x0800330e   0x00000002   PAD
    0x08003310   0x08003310   0x00000060   Code   RO          859    i.TIM_OC1_SetConfig  stm32f1xx_hal_tim.o
    0x08003370   0x08003370   0x00000068   Code   RO          860    i.TIM_OC2_SetConfig  stm32f1xx_hal_tim.o
    0x080033d8   0x080033d8   0x00000068   Code   RO          861    i.TIM_OC3_SetConfig  stm32f1xx_hal_tim.o
    0x08003440   0x08003440   0x00000048   Code   RO          862    i.TIM_OC4_SetConfig  stm32f1xx_hal_tim.o
    0x08003488   0x08003488   0x00000026   Code   RO          864    i.TIM_TI1_ConfigInputStage  stm32f1xx_hal_tim.o
    0x080034ae   0x080034ae   0x00000002   PAD
    0x080034b0   0x080034b0   0x00000068   Code   RO          865    i.TIM_TI1_SetConfig  stm32f1xx_hal_tim.o
    0x08003518   0x08003518   0x00000028   Code   RO          866    i.TIM_TI2_ConfigInputStage  stm32f1xx_hal_tim.o
    0x08003540   0x08003540   0x0000003a   Code   RO          867    i.TIM_TI2_SetConfig  stm32f1xx_hal_tim.o
    0x0800357a   0x0800357a   0x00000038   Code   RO          868    i.TIM_TI3_SetConfig  stm32f1xx_hal_tim.o
    0x080035b2   0x080035b2   0x0000003c   Code   RO          869    i.TIM_TI4_SetConfig  stm32f1xx_hal_tim.o
    0x080035ee   0x080035ee   0x00000014   Code   RO         2783    i.UART_DMAAbortOnError  stm32f1xx_hal_uart.o
    0x08003602   0x08003602   0x0000001c   Code   RO         2788    i.UART_DMARxOnlyAbortCallback  stm32f1xx_hal_uart.o
    0x0800361e   0x0800361e   0x00000036   Code   RO         2793    i.UART_EndRxTransfer  stm32f1xx_hal_uart.o
    0x08003654   0x08003654   0x00000020   Code   RO         2794    i.UART_EndTransmit_IT  stm32f1xx_hal_uart.o
    0x08003674   0x08003674   0x000000e4   Code   RO         2796    i.UART_Receive_IT   stm32f1xx_hal_uart.o
    0x08003758   0x08003758   0x000000fc   Code   RO         2797    i.UART_SetConfig    stm32f1xx_hal_uart.o
    0x08003854   0x08003854   0x00000046   Code   RO         2799    i.UART_Start_Receive_IT  stm32f1xx_hal_uart.o
    0x0800389a   0x0800389a   0x00000060   Code   RO         2800    i.UART_Transmit_IT  stm32f1xx_hal_uart.o
    0x080038fa   0x080038fa   0x0000006c   Code   RO         2801    i.UART_WaitOnFlagUntilTimeout  stm32f1xx_hal_uart.o
    0x08003966   0x08003966   0x00000002   PAD
    0x08003968   0x08003968   0x00000010   Code   RO          425    i.USART1_IRQHandler  stm32f1xx_it.o
    0x08003978   0x08003978   0x00000010   Code   RO          426    i.USART3_IRQHandler  stm32f1xx_it.o
    0x08003988   0x08003988   0x00000004   Code   RO          427    i.UsageFault_Handler  stm32f1xx_it.o
    0x0800398c   0x0800398c   0x0000002c   Code   RO           24    i.Wait_Stop         main.o
    0x080039b8   0x080039b8   0x0000006c   Code   RO           25    i.Waiting           main.o
    0x08003a24   0x08003a24   0x000000a8   Code   RO           26    i.Wheel             main.o
    0x08003acc   0x08003acc   0x00000010   Code   RO         2228    i.__NVIC_GetPriorityGrouping  stm32f1xx_hal_cortex.o
    0x08003adc   0x08003adc   0x00000028   Code   RO         2229    i.__NVIC_SetPriority  stm32f1xx_hal_cortex.o
    0x08003b04   0x08003b04   0x0000000c   Code   RO         3194    i.__read_errno      mc_w.l(errno.o)
    0x08003b10   0x08003b10   0x0000000e   Code   RO         3228    i.__scatterload_copy  mc_w.l(handlers.o)
    0x08003b1e   0x08003b1e   0x00000002   Code   RO         3229    i.__scatterload_null  mc_w.l(handlers.o)
    0x08003b20   0x08003b20   0x0000000e   Code   RO         3230    i.__scatterload_zeroinit  mc_w.l(handlers.o)
    0x08003b2e   0x08003b2e   0x00000002   PAD
    0x08003b30   0x08003b30   0x0000000c   Code   RO         3195    i.__set_errno       mc_w.l(errno.o)
    0x08003b3c   0x08003b3c   0x0000000e   Code   RO         3215    i._is_digit         mc_w.l(scanf_fp.o)
    0x08003b4a   0x08003b4a   0x0000002a   Code   RO         3143    i.atof              m_ws.l(atof.o)
    0x08003b74   0x08003b74   0x00000010   Code   RO           27    i.clear_x           main.o
    0x08003b84   0x08003b84   0x0000002c   Code   RO           29    i.initPID           main.o
    0x08003bb0   0x08003bb0   0x000000fc   Code   RO           30    i.main              main.o
    0x08003cac   0x08003cac   0x00000018   Data   RO         3110    .constdata          system_stm32f1xx.o
    0x08003cc4   0x08003cc4   0x00000040   Data   RO         3220    .constdata          mc_w.l(ctype_c.o)
    0x08003d04   0x08003d04   0x00000020   Data   RO         3226    Region$$Table       anon$$obj.o


    Execution Region RW_IRAM1 (Exec base: 0x20000000, Load base: 0x08003d24, Size: 0x000006c0, Max: 0x00005000, ABSOLUTE)

    Exec Addr    Load Addr    Size         Type   Attr      Idx    E Section Name        Object

    0x20000000   0x08003d24   0x00000030   Data   RW           32    .data               main.o
    0x20000030   0x08003d54   0x00000009   Data   RW         1760    .data               stm32f1xx_hal.o
    0x20000039   0x08003d5d   0x00000003   PAD
    0x2000003c   0x08003d60   0x00000004   Data   RW         3111    .data               system_stm32f1xx.o
    0x20000040   0x08003d64   0x00000004   Data   RW         3196    .data               mc_w.l(errno.o)
    0x20000044        -       0x00000118   Zero   RW           31    .bss                main.o
    0x2000015c        -       0x000000d8   Zero   RW          293    .bss                tim.o
    0x20000234        -       0x00000088   Zero   RW          371    .bss                usart.o
    0x200002bc   0x08003d68   0x00000004   PAD
    0x200002c0        -       0x00000400   Zero   RW            1    STACK               startup_stm32f103xb.o


==============================================================================

Image component sizes


      Code (inc. data)   RO Data    RW Data    ZI Data      Debug   Object Name

       204         14          0          0          0        895   gpio.o
      2182        268          0         48        280     435238   main.o
        36          8        236          0       1024        780   startup_stm32f103xb.o
       152         32          0          9          0       5117   stm32f1xx_hal.o
       304         22          0          0          0      29255   stm32f1xx_hal_cortex.o
       262          4          0          0          0       1683   stm32f1xx_hal_dma.o
       828         34          0          0          0       3223   stm32f1xx_hal_gpio.o
        84          8          0          0          0        846   stm32f1xx_hal_msp.o
      1784        110          0          0          0       5824   stm32f1xx_hal_rcc.o
      3094         86          0          0          0      20000   stm32f1xx_hal_tim.o
       136         14          0          0          0       2301   stm32f1xx_hal_tim_ex.o
      2018         14          0          0          0      12659   stm32f1xx_hal_uart.o
        98         24          0          0          0       5465   stm32f1xx_it.o
         2          0         24          4          0       1047   system_stm32f1xx.o
       876         66          0          0        216       4693   tim.o
       408         42          0          0        136       2235   usart.o

    ----------------------------------------------------------------------
     12492        746        292         64       1660     531261   Object Totals
         0          0         32          0          0          0   (incl. Generated)
        24          0          0          3          4          0   (incl. Padding)

    ----------------------------------------------------------------------

      Code (inc. data)   RO Data    RW Data    ZI Data      Debug   Library Member Name

        42          0          0          0          0         84   atof.o
        64          0          0          0          0         84   _sgetc.o
        40          6         64          0          0         68   ctype_c.o
         0          0          0          0          0          0   entry.o
         0          0          0          0          0          0   entry10a.o
         0          0          0          0          0          0   entry11a.o
         4          0          0          0          0          0   entry12b.o
         8          4          0          0          0          0   entry2.o
         4          0          0          0          0          0   entry5.o
         0          0          0          0          0          0   entry7b.o
         0          0          0          0          0          0   entry8b.o
         8          4          0          0          0          0   entry9a.o
        24         12          0          4          0        136   errno.o
        30          0          0          0          0          0   handlers.o
        36          8          0          0          0         68   init.o
        10          0          0          0          0         68   isspace_c.o
         0          0          0          0          0          0   iusefp.o
        30          0          0          0          0         68   llshl.o
        32          0          0          0          0         68   llushr.o
        36          0          0          0          0         68   memcpya.o
        36          0          0          0          0        108   memseta.o
       878         12          0          0          0        216   scanf_fp.o
       156         12          0          0          0        120   strtod.o
        20          0          0          0          0         68   cfcmple.o
        20          0          0          0          0         68   cfrcmple.o
        56          0          0          0          0         88   d2f.o
       222          0          0          0          0        100   ddiv.o
       186          0          0          0          0        176   depilogue.o
        24          0          0          0          0         76   dfltul.o
       228          0          0          0          0         96   dmul.o
        38          0          0          0          0         68   f2d.o
       176          0          0          0          0        140   fadd.o
       124          0          0          0          0         88   fdiv.o
       110          0          0          0          0        168   fepilogue.o
        50          0          0          0          0         68   ffixi.o
        10          0          0          0          0         68   ffltui.o
       100          0          0          0          0         76   fmul.o

    ----------------------------------------------------------------------
      2804         58         64          4          0       2504   Library Totals
         2          0          0          0          0          0   (incl. Padding)

    ----------------------------------------------------------------------

      Code (inc. data)   RO Data    RW Data    ZI Data      Debug   Library Name

        42          0          0          0          0         84   m_ws.l
      1396         58         64          4          0       1072   mc_w.l
      1364          0          0          0          0       1348   mf_w.l

    ----------------------------------------------------------------------
      2804         58         64          4          0       2504   Library Totals

    ----------------------------------------------------------------------

==============================================================================


      Code (inc. data)   RO Data    RW Data    ZI Data      Debug   

     15296        804        356         68       1660     527053   Grand Totals
     15296        804        356         68       1660     527053   ELF Image Totals
     15296        804        356         68          0          0   ROM Totals

==============================================================================

    Total RO  Size (Code + RO Data)                15652 (  15.29kB)
    Total RW  Size (RW Data + ZI Data)              1728 (   1.69kB)
    Total ROM Size (Code + RO Data + RW Data)      15720 (  15.35kB)

==============================================================================

